 Image ghcr.io/aldemaroc/forage:1.0.0 Building 
#1 [internal] load local bake definitions
#1 reading from stdin 539B done
#1 DONE 0.0s

#2 [internal] load build definition from Dockerfile
#2 transferring dockerfile: 1.01kB done
#2 DONE 0.0s

#3 [internal] load metadata for docker.io/library/python:3.12-slim
#3 ...

#4 [auth] library/python:pull token for registry-1.docker.io
#4 DONE 0.0s

#3 [internal] load metadata for docker.io/library/python:3.12-slim
#3 DONE 1.2s

#5 [internal] load .dockerignore
#5 transferring context: 140B done
#5 DONE 0.0s

#6 [internal] load build context
#6 transferring context: 258.44kB done
#6 DONE 0.0s

#7 [1/6] FROM docker.io/library/python:3.12-slim@sha256:f77ac9e44ae96ef2c90b8053ea08c31f8be030f824196b0ae4db6d462c84e51f
#7 resolve docker.io/library/python:3.12-slim@sha256:f77ac9e44ae96ef2c90b8053ea08c31f8be030f824196b0ae4db6d462c84e51f 0.0s done
#7 sha256:d122ce05d52358f34d63025713fdaf36bd7f684c4861ef9715450970c8599024 0B / 12.05MB 0.2s
#7 sha256:8fab80907cc75b43464f59a38c5548ae9199a01202b80a0474fb5e81c33950b4 249B / 249B 0.3s done
#7 sha256:c84bebac337e749a4bb38e590f1994648dedbc4a1d04db88b978cb18a5359a7b 0B / 1.28MB 0.2s
#7 sha256:bd36565c0fdebaf0f3af5c3b4ce610ca085ced32e9e9da850d95912f5f18f47b 0B / 30.19MB 0.2s
#7 sha256:d122ce05d52358f34d63025713fdaf36bd7f684c4861ef9715450970c8599024 3.15MB / 12.05MB 0.5s
#7 sha256:d122ce05d52358f34d63025713fdaf36bd7f684c4861ef9715450970c8599024 4.19MB / 12.05MB 0.6s
#7 sha256:d122ce05d52358f34d63025713fdaf36bd7f684c4861ef9715450970c8599024 5.24MB / 12.05MB 0.9s
#7 sha256:c84bebac337e749a4bb38e590f1994648dedbc4a1d04db88b978cb18a5359a7b 1.05MB / 1.28MB 0.9s
#7 sha256:d122ce05d52358f34d63025713fdaf36bd7f684c4861ef9715450970c8599024 6.29MB / 12.05MB 1.2s
#7 sha256:c84bebac337e749a4bb38e590f1994648dedbc4a1d04db88b978cb18a5359a7b 1.28MB / 1.28MB 1.1s done
#7 sha256:bd36565c0fdebaf0f3af5c3b4ce610ca085ced32e9e9da850d95912f5f18f47b 2.10MB / 30.19MB 1.1s
#7 sha256:d122ce05d52358f34d63025713fdaf36bd7f684c4861ef9715450970c8599024 7.34MB / 12.05MB 1.4s
#7 sha256:d122ce05d52358f34d63025713fdaf36bd7f684c4861ef9715450970c8599024 8.39MB / 12.05MB 1.5s
#7 sha256:bd36565c0fdebaf0f3af5c3b4ce610ca085ced32e9e9da850d95912f5f18f47b 4.19MB / 30.19MB 1.4s
#7 sha256:d122ce05d52358f34d63025713fdaf36bd7f684c4861ef9715450970c8599024 9.44MB / 12.05MB 1.8s
#7 sha256:bd36565c0fdebaf0f3af5c3b4ce610ca085ced32e9e9da850d95912f5f18f47b 6.29MB / 30.19MB 1.7s
#7 sha256:d122ce05d52358f34d63025713fdaf36bd7f684c4861ef9715450970c8599024 10.49MB / 12.05MB 2.1s
#7 sha256:bd36565c0fdebaf0f3af5c3b4ce610ca085ced32e9e9da850d95912f5f18f47b 8.39MB / 30.19MB 2.0s
#7 sha256:bd36565c0fdebaf0f3af5c3b4ce610ca085ced32e9e9da850d95912f5f18f47b 10.49MB / 30.19MB 2.3s
#7 sha256:d122ce05d52358f34d63025713fdaf36bd7f684c4861ef9715450970c8599024 11.53MB / 12.05MB 2.7s
#7 sha256:bd36565c0fdebaf0f3af5c3b4ce610ca085ced32e9e9da850d95912f5f18f47b 12.58MB / 30.19MB 2.6s
#7 sha256:d122ce05d52358f34d63025713fdaf36bd7f684c4861ef9715450970c8599024 12.05MB / 12.05MB 2.8s done
#7 sha256:bd36565c0fdebaf0f3af5c3b4ce610ca085ced32e9e9da850d95912f5f18f47b 15.73MB / 30.19MB 3.0s
#7 sha256:bd36565c0fdebaf0f3af5c3b4ce610ca085ced32e9e9da850d95912f5f18f47b 17.83MB / 30.19MB 3.2s
#7 sha256:bd36565c0fdebaf0f3af5c3b4ce610ca085ced32e9e9da850d95912f5f18f47b 19.92MB / 30.19MB 3.3s
#7 sha256:bd36565c0fdebaf0f3af5c3b4ce610ca085ced32e9e9da850d95912f5f18f47b 23.07MB / 30.19MB 3.6s
#7 sha256:bd36565c0fdebaf0f3af5c3b4ce610ca085ced32e9e9da850d95912f5f18f47b 26.21MB / 30.19MB 3.9s
#7 sha256:bd36565c0fdebaf0f3af5c3b4ce610ca085ced32e9e9da850d95912f5f18f47b 28.31MB / 30.19MB 4.1s
#7 sha256:bd36565c0fdebaf0f3af5c3b4ce610ca085ced32e9e9da850d95912f5f18f47b 30.19MB / 30.19MB 4.2s done
#7 extracting sha256:bd36565c0fdebaf0f3af5c3b4ce610ca085ced32e9e9da850d95912f5f18f47b
#7 extracting sha256:bd36565c0fdebaf0f3af5c3b4ce610ca085ced32e9e9da850d95912f5f18f47b 0.6s done
#7 DONE 4.8s

#7 [1/6] FROM docker.io/library/python:3.12-slim@sha256:f77ac9e44ae96ef2c90b8053ea08c31f8be030f824196b0ae4db6d462c84e51f
#7 extracting sha256:c84bebac337e749a4bb38e590f1994648dedbc4a1d04db88b978cb18a5359a7b 0.0s done
#7 extracting sha256:d122ce05d52358f34d63025713fdaf36bd7f684c4861ef9715450970c8599024
#7 extracting sha256:d122ce05d52358f34d63025713fdaf36bd7f684c4861ef9715450970c8599024 0.2s done
#7 DONE 5.1s

#7 [1/6] FROM docker.io/library/python:3.12-slim@sha256:f77ac9e44ae96ef2c90b8053ea08c31f8be030f824196b0ae4db6d462c84e51f
#7 extracting sha256:8fab80907cc75b43464f59a38c5548ae9199a01202b80a0474fb5e81c33950b4 done
#7 DONE 5.1s

#8 [2/6] WORKDIR /srv/forage
#8 DONE 0.2s

#9 [3/6] COPY requirements.txt .
#9 DONE 0.0s

#10 [4/6] RUN pip install --no-cache-dir -r requirements.txt     && playwright install --with-deps chromium     && patchright install chromium     && scrapling install
#10 1.285 Collecting fastapi>=0.115 (from -r requirements.txt (line 1))
#10 1.354   Downloading fastapi-0.142.2-py3-none-any.whl.metadata (27 kB)
#10 1.387 Collecting uvicorn>=0.30 (from uvicorn[standard]>=0.30->-r requirements.txt (line 2))
#10 1.395   Downloading uvicorn-0.54.0-py3-none-any.whl.metadata (6.6 kB)
#10 1.425 Collecting PyYAML>=6.0 (from -r requirements.txt (line 3))
#10 1.437   Downloading pyyaml-6.0.3-cp312-cp312-manylinux2014_aarch64.manylinux_2_17_aarch64.manylinux_2_28_aarch64.whl.metadata (2.4 kB)
#10 1.452 Collecting httpx>=0.27 (from -r requirements.txt (line 4))
#10 1.461   Downloading httpx-0.28.1-py3-none-any.whl.metadata (7.1 kB)
#10 1.479 Collecting trafilatura>=1.8 (from -r requirements.txt (line 5))
#10 1.487   Downloading trafilatura-2.2.0-py3-none-any.whl.metadata (13 kB)
#10 1.501 Collecting markdownify>=1.0 (from -r requirements.txt (line 6))
#10 1.511   Downloading markdownify-1.2.3-py3-none-any.whl.metadata (9.9 kB)
#10 1.526 Collecting beautifulsoup4>=4.12 (from -r requirements.txt (line 7))
#10 1.540   Downloading beautifulsoup4-4.15.0-py3-none-any.whl.metadata (3.8 kB)
#10 1.567 Collecting playwright>=1.45 (from -r requirements.txt (line 8))
#10 1.581   Downloading playwright-1.63.0-py3-none-manylinux_2_17_aarch64.manylinux2014_aarch64.whl.metadata (3.3 kB)
#10 1.598 Collecting patchright>=1.45 (from -r requirements.txt (line 9))
#10 1.606   Downloading patchright-1.63.0-py3-none-manylinux_2_17_aarch64.manylinux2014_aarch64.whl.metadata (15 kB)
#10 1.622 Collecting scrapling>=0.4 (from scrapling[fetchers]>=0.4->-r requirements.txt (line 10))
#10 1.633   Downloading scrapling-0.4.15-py3-none-any.whl.metadata (41 kB)
#10 1.754 Collecting pymupdf>=1.24 (from -r requirements.txt (line 11))
#10 1.763   Downloading pymupdf-1.28.2-cp310-abi3-manylinux_2_28_aarch64.whl.metadata (26 kB)
#10 1.775 Collecting python-docx>=1.1 (from -r requirements.txt (line 12))
#10 1.785   Downloading python_docx-1.2.0-py3-none-any.whl.metadata (2.0 kB)
#10 1.801 Collecting openpyxl>=3.1 (from -r requirements.txt (line 13))
#10 1.808   Downloading openpyxl-3.1.5-py2.py3-none-any.whl.metadata (2.5 kB)
#10 1.819 Collecting python-pptx>=0.6.23 (from -r requirements.txt (line 14))
#10 1.828   Downloading python_pptx-1.0.2-py3-none-any.whl.metadata (2.5 kB)
#10 1.843 Collecting striprtf>=0.0.28 (from -r requirements.txt (line 15))
#10 1.855   Downloading striprtf-0.0.33-py3-none-any.whl.metadata (2.4 kB)
#10 1.878 Collecting starlette>=0.46.0 (from fastapi>=0.115->-r requirements.txt (line 1))
#10 1.889   Downloading starlette-1.7.0-py3-none-any.whl.metadata (6.6 kB)
#10 1.956 Collecting pydantic>=2.9.0 (from fastapi>=0.115->-r requirements.txt (line 1))
#10 1.966   Downloading pydantic-2.13.5-py3-none-any.whl.metadata (110 kB)
#10 2.005 Collecting typing-extensions>=4.8.0 (from fastapi>=0.115->-r requirements.txt (line 1))
#10 2.013   Downloading typing_extensions-4.16.0-py3-none-any.whl.metadata (3.3 kB)
#10 2.024 Collecting typing-inspection>=0.4.2 (from fastapi>=0.115->-r requirements.txt (line 1))
#10 2.032   Downloading typing_inspection-0.4.4-py3-none-any.whl.metadata (2.6 kB)
#10 2.045 Collecting annotated-doc>=0.0.2 (from fastapi>=0.115->-r requirements.txt (line 1))
#10 2.052   Downloading annotated_doc-0.0.5-py3-none-any.whl.metadata (6.5 kB)
#10 2.067 Collecting opentelemetry-api>=1.44.0 (from fastapi>=0.115->-r requirements.txt (line 1))
#10 2.077   Downloading opentelemetry_api-1.45.0-py3-none-any.whl.metadata (1.4 kB)
#10 2.090 Collecting click>=7.0 (from uvicorn>=0.30->uvicorn[standard]>=0.30->-r requirements.txt (line 2))
#10 2.110   Downloading click-8.5.0-py3-none-any.whl.metadata (2.6 kB)
#10 2.152 Collecting h11>=0.8 (from uvicorn>=0.30->uvicorn[standard]>=0.30->-r requirements.txt (line 2))
#10 2.161   Downloading h11-0.16.0-py3-none-any.whl.metadata (8.3 kB)
#10 2.180 Collecting anyio (from httpx>=0.27->-r requirements.txt (line 4))
#10 2.190   Downloading anyio-4.15.1-py3-none-any.whl.metadata (4.7 kB)
#10 2.212 Collecting certifi (from httpx>=0.27->-r requirements.txt (line 4))
#10 2.223   Downloading certifi-2026.7.22-py3-none-any.whl.metadata (2.5 kB)
#10 2.240 Collecting httpcore==1.* (from httpx>=0.27->-r requirements.txt (line 4))
#10 2.249   Downloading httpcore-1.0.9-py3-none-any.whl.metadata (21 kB)
#10 2.270 Collecting idna (from httpx>=0.27->-r requirements.txt (line 4))
#10 2.280   Downloading idna-3.20-py3-none-any.whl.metadata (7.2 kB)
#10 2.375 Collecting charset_normalizer>=3.4.9 (from trafilatura>=1.8->-r requirements.txt (line 5))
#10 2.385   Downloading charset_normalizer-3.5.2-cp312-cp312-manylinux2014_aarch64.manylinux_2_17_aarch64.manylinux_2_28_aarch64.whl.metadata (46 kB)
#10 2.404 Collecting courlan>=1.4.0 (from trafilatura>=1.8->-r requirements.txt (line 5))
#10 2.413   Downloading courlan-1.4.0-py3-none-any.whl.metadata (18 kB)
#10 2.430 Collecting htmldate>=1.10.0 (from trafilatura>=1.8->-r requirements.txt (line 5))
#10 2.441   Downloading htmldate-1.10.0-py3-none-any.whl.metadata (9.8 kB)
#10 2.457 Collecting justext>=3.0.2 (from trafilatura>=1.8->-r requirements.txt (line 5))
#10 2.465   Downloading justext-3.0.2-py2.py3-none-any.whl.metadata (7.3 kB)
#10 2.687 Collecting lxml>=6.1.1 (from trafilatura>=1.8->-r requirements.txt (line 5))
#10 2.699   Downloading lxml-6.1.3-cp312-cp312-manylinux_2_26_aarch64.manylinux_2_28_aarch64.whl.metadata (3.3 kB)
#10 2.718 Collecting urllib3<3,>=1.26 (from trafilatura>=1.8->-r requirements.txt (line 5))
#10 2.729   Downloading urllib3-2.8.0-py3-none-any.whl.metadata (7.4 kB)
#10 2.745 Collecting six<2,>=1.15 (from markdownify>=1.0->-r requirements.txt (line 6))
#10 2.756   Downloading six-1.17.0-py2.py3-none-any.whl.metadata (1.7 kB)
#10 2.776 Collecting soupsieve>=1.6.1 (from beautifulsoup4>=4.12->-r requirements.txt (line 7))
#10 2.787   Downloading soupsieve-2.10-py3-none-any.whl.metadata (4.4 kB)
#10 2.802 Collecting pyee<14,>=13 (from playwright>=1.45->-r requirements.txt (line 8))
#10 2.814   Downloading pyee-13.0.1-py3-none-any.whl.metadata (3.0 kB)
#10 2.905 Collecting greenlet<4.0.0,>=3.1.1 (from playwright>=1.45->-r requirements.txt (line 8))
#10 2.919   Downloading greenlet-3.5.6-cp312-cp312-manylinux_2_24_aarch64.manylinux_2_28_aarch64.whl.metadata (3.8 kB)
#10 2.933 Collecting cssselect>=1.5.0 (from scrapling>=0.4->scrapling[fetchers]>=0.4->-r requirements.txt (line 10))
#10 2.942   Downloading cssselect-1.5.0-py3-none-any.whl.metadata (2.4 kB)
#10 3.094 Collecting orjson>=3.11.8 (from scrapling>=0.4->scrapling[fetchers]>=0.4->-r requirements.txt (line 10))
#10 3.103   Downloading orjson-3.12.0-cp312-cp312-manylinux_2_17_aarch64.manylinux2014_aarch64.whl.metadata (41 kB)
#10 3.124 Collecting tld>=0.13.2 (from scrapling>=0.4->scrapling[fetchers]>=0.4->-r requirements.txt (line 10))
#10 3.134   Downloading tld-0.13.2-py2.py3-none-any.whl.metadata (11 kB)
#10 3.158 Collecting w3lib>=2.4.1 (from scrapling>=0.4->scrapling[fetchers]>=0.4->-r requirements.txt (line 10))
#10 3.166   Downloading w3lib-2.5.0-py3-none-any.whl.metadata (2.3 kB)
#10 3.181 Collecting et-xmlfile (from openpyxl>=3.1->-r requirements.txt (line 13))
#10 3.188   Downloading et_xmlfile-2.0.0-py3-none-any.whl.metadata (2.7 kB)
#10 3.304 Collecting Pillow>=3.3.2 (from python-pptx>=0.6.23->-r requirements.txt (line 14))
#10 3.313   Downloading pillow-12.3.0-cp312-cp312-manylinux_2_27_aarch64.manylinux_2_28_aarch64.whl.metadata (9.1 kB)
#10 3.343 Collecting XlsxWriter>=0.5.7 (from python-pptx>=0.6.23->-r requirements.txt (line 14))
#10 3.354   Downloading xlsxwriter-3.2.9-py3-none-any.whl.metadata (2.7 kB)
#10 3.402 Collecting curl_cffi>=0.16.1 (from scrapling[fetchers]>=0.4->-r requirements.txt (line 10))
#10 3.414   Downloading curl_cffi-0.16.3-cp310-abi3-manylinux2014_aarch64.manylinux_2_17_aarch64.whl.metadata (17 kB)
#10 3.433 Collecting browserforge>=1.2.4 (from scrapling[fetchers]>=0.4->-r requirements.txt (line 10))
#10 3.443   Downloading browserforge-1.2.4-py3-none-any.whl.metadata (28 kB)
#10 3.460 Collecting apify-fingerprint-datapoints>=0.15.0 (from scrapling[fetchers]>=0.4->-r requirements.txt (line 10))
#10 3.471   Downloading apify_fingerprint_datapoints-0.15.0-py3-none-any.whl.metadata (14 kB)
#10 3.511 Collecting msgspec>=0.21.1 (from scrapling[fetchers]>=0.4->-r requirements.txt (line 10))
#10 3.528   Downloading msgspec-0.22.0-cp312-cp312-manylinux2014_aarch64.manylinux_2_17_aarch64.manylinux_2_28_aarch64.whl.metadata (6.0 kB)
#10 3.549 Collecting protego>=0.6.2 (from scrapling[fetchers]>=0.4->-r requirements.txt (line 10))
#10 3.557   Downloading protego-0.7.0-py3-none-any.whl.metadata (7.5 kB)
#10 3.583 Collecting httptools>=0.8.0 (from uvicorn[standard]>=0.30->-r requirements.txt (line 2))
#10 3.595   Downloading httptools-0.8.0-cp312-cp312-manylinux2014_aarch64.manylinux_2_17_aarch64.manylinux_2_28_aarch64.whl.metadata (3.5 kB)
#10 3.609 Collecting python-dotenv>=0.13 (from uvicorn[standard]>=0.30->-r requirements.txt (line 2))
#10 3.616   Downloading python_dotenv-1.2.4-py3-none-any.whl.metadata (29 kB)
#10 3.649 Collecting uvloop>=0.15.1 (from uvicorn[standard]>=0.30->-r requirements.txt (line 2))
#10 3.657   Downloading uvloop-0.23.0-cp312-cp312-manylinux2014_aarch64.manylinux_2_17_aarch64.manylinux_2_28_aarch64.whl.metadata (5.1 kB)
#10 3.710 Collecting watchfiles>=0.20 (from uvicorn[standard]>=0.30->-r requirements.txt (line 2))
#10 3.720   Downloading watchfiles-1.3.0-cp310-abi3-manylinux_2_17_aarch64.manylinux2014_aarch64.whl.metadata (4.9 kB)
#10 3.787 Collecting websockets>=13.0 (from uvicorn[standard]>=0.30->-r requirements.txt (line 2))
#10 3.800   Downloading websockets-17.1-cp312-cp312-manylinux2014_aarch64.manylinux_2_17_aarch64.manylinux_2_28_aarch64.whl.metadata (6.3 kB)
#10 3.819 Collecting babel>=2.16.0 (from courlan>=1.4.0->trafilatura>=1.8->-r requirements.txt (line 5))
#10 3.829   Downloading babel-2.18.0-py3-none-any.whl.metadata (2.2 kB)
#10 3.894 Collecting cffi>=2.0.0 (from curl_cffi>=0.16.1->scrapling[fetchers]>=0.4->-r requirements.txt (line 10))
#10 3.906   Downloading cffi-2.1.1-cp312-cp312-manylinux2014_aarch64.manylinux_2_17_aarch64.whl.metadata (2.5 kB)
#10 3.925 Collecting dateparser>=1.1.2 (from htmldate>=1.10.0->trafilatura>=1.8->-r requirements.txt (line 5))
#10 3.937   Downloading dateparser-1.4.3-py3-none-any.whl.metadata (25 kB)
#10 3.955 Collecting python-dateutil>=2.9.0.post0 (from htmldate>=1.10.0->trafilatura>=1.8->-r requirements.txt (line 5))
#10 3.964   Downloading python_dateutil-2.9.0.post0-py2.py3-none-any.whl.metadata (8.4 kB)
#10 3.986 Collecting annotated-types>=0.6.0 (from pydantic>=2.9.0->fastapi>=0.115->-r requirements.txt (line 1))
#10 3.995   Downloading annotated_types-0.8.0-py3-none-any.whl.metadata (15 kB)
#10 4.534 Collecting pydantic-core==2.46.5 (from pydantic>=2.9.0->fastapi>=0.115->-r requirements.txt (line 1))
#10 4.547   Downloading pydantic_core-2.46.5-cp312-cp312-manylinux_2_17_aarch64.manylinux2014_aarch64.whl.metadata (6.6 kB)
#10 4.580 Collecting pycparser (from cffi>=2.0.0->curl_cffi>=0.16.1->scrapling[fetchers]>=0.4->-r requirements.txt (line 10))
#10 4.589   Downloading pycparser-3.0-py3-none-any.whl.metadata (8.2 kB)
#10 4.627 Collecting pytz>=2024.2 (from dateparser>=1.1.2->htmldate>=1.10.0->trafilatura>=1.8->-r requirements.txt (line 5))
#10 4.637   Downloading pytz-2026.4-py2.py3-none-any.whl.metadata (22 kB)
#10 4.918 Collecting regex>=2024.9.11 (from dateparser>=1.1.2->htmldate>=1.10.0->trafilatura>=1.8->-r requirements.txt (line 5))
#10 4.931   Downloading regex-2026.9.29-cp312-cp312-manylinux2014_aarch64.manylinux_2_17_aarch64.manylinux_2_28_aarch64.whl.metadata (40 kB)
#10 4.948 Collecting tzlocal>=0.2 (from dateparser>=1.1.2->htmldate>=1.10.0->trafilatura>=1.8->-r requirements.txt (line 5))
#10 4.957   Downloading tzlocal-5.4.4-py3-none-any.whl.metadata (7.7 kB)
#10 4.973 Collecting lxml_html_clean (from lxml[html_clean]>=4.4.2->justext>=3.0.2->trafilatura>=1.8->-r requirements.txt (line 5))
#10 4.983   Downloading lxml_html_clean-0.4.5-py3-none-any.whl.metadata (2.4 kB)
#10 5.000 Downloading fastapi-0.142.2-py3-none-any.whl (144 kB)
#10 5.024 Downloading uvicorn-0.54.0-py3-none-any.whl (87 kB)
#10 5.043 Downloading pyyaml-6.0.3-cp312-cp312-manylinux2014_aarch64.manylinux_2_17_aarch64.manylinux_2_28_aarch64.whl (775 kB)
#10 5.135    ━━━━━━━━━━━━━━━━━━━━━━━━━━━━━━━━━━━━━━━━ 775.1/775.1 kB 8.1 MB/s eta 0:00:00
#10 5.145 Downloading httpx-0.28.1-py3-none-any.whl (73 kB)
#10 5.161 Downloading httpcore-1.0.9-py3-none-any.whl (78 kB)
#10 5.181 Downloading trafilatura-2.2.0-py3-none-any.whl (151 kB)
#10 5.201 Downloading markdownify-1.2.3-py3-none-any.whl (15 kB)
#10 5.213 Downloading beautifulsoup4-4.15.0-py3-none-any.whl (109 kB)
#10 5.231 Downloading playwright-1.63.0-py3-none-manylinux_2_17_aarch64.manylinux2014_aarch64.whl (47.9 MB)
#10 9.396    ━━━━━━━━━━━━━━━━━━━━━━━━━━━━━━━━━━━━━━━━ 47.9/47.9 MB 11.5 MB/s eta 0:00:00
#10 9.434 Downloading patchright-1.63.0-py3-none-manylinux_2_17_aarch64.manylinux2014_aarch64.whl (47.9 MB)
#10 13.80    ━━━━━━━━━━━━━━━━━━━━━━━━━━━━━━━━━━━━━━━━ 47.9/47.9 MB 11.0 MB/s eta 0:00:00
#10 13.82 Downloading scrapling-0.4.15-py3-none-any.whl (180 kB)
#10 13.84 Downloading pymupdf-1.28.2-cp310-abi3-manylinux_2_28_aarch64.whl (25.1 MB)
#10 16.01    ━━━━━━━━━━━━━━━━━━━━━━━━━━━━━━━━━━━━━━━━ 25.1/25.1 MB 11.6 MB/s eta 0:00:00
#10 16.02 Downloading python_docx-1.2.0-py3-none-any.whl (252 kB)
#10 16.06 Downloading openpyxl-3.1.5-py2.py3-none-any.whl (250 kB)
#10 16.10 Downloading python_pptx-1.0.2-py3-none-any.whl (472 kB)
#10 16.15 Downloading striprtf-0.0.33-py3-none-any.whl (8.4 kB)
#10 16.16 Downloading annotated_doc-0.0.5-py3-none-any.whl (5.3 kB)
#10 16.18 Downloading anyio-4.15.1-py3-none-any.whl (132 kB)
#10 16.21 Downloading apify_fingerprint_datapoints-0.15.0-py3-none-any.whl (761 kB)
#10 16.27    ━━━━━━━━━━━━━━━━━━━━━━━━━━━━━━━━━━━━━━━━ 761.8/761.8 kB 12.4 MB/s eta 0:00:00
#10 16.28 Downloading browserforge-1.2.4-py3-none-any.whl (37 kB)
#10 16.30 Downloading charset_normalizer-3.5.2-cp312-cp312-manylinux2014_aarch64.manylinux_2_17_aarch64.manylinux_2_28_aarch64.whl (246 kB)
#10 16.33 Downloading click-8.5.0-py3-none-any.whl (125 kB)
#10 16.35 Downloading courlan-1.4.0-py3-none-any.whl (34 kB)
#10 16.37 Downloading cssselect-1.5.0-py3-none-any.whl (20 kB)
#10 16.39 Downloading curl_cffi-0.16.3-cp310-abi3-manylinux2014_aarch64.manylinux_2_17_aarch64.whl (12.8 MB)
#10 17.54    ━━━━━━━━━━━━━━━━━━━━━━━━━━━━━━━━━━━━━━━━ 12.8/12.8 MB 11.0 MB/s eta 0:00:00
#10 17.55 Downloading certifi-2026.7.22-py3-none-any.whl (136 kB)
#10 17.57 Downloading greenlet-3.5.6-cp312-cp312-manylinux_2_24_aarch64.manylinux_2_28_aarch64.whl (611 kB)
#10 17.63    ━━━━━━━━━━━━━━━━━━━━━━━━━━━━━━━━━━━━━━━━ 611.7/611.7 kB 14.9 MB/s eta 0:00:00
#10 17.64 Downloading h11-0.16.0-py3-none-any.whl (37 kB)
#10 17.66 Downloading htmldate-1.10.0-py3-none-any.whl (31 kB)
#10 17.67 Downloading httptools-0.8.0-cp312-cp312-manylinux2014_aarch64.manylinux_2_17_aarch64.manylinux_2_28_aarch64.whl (518 kB)
#10 17.73 Downloading idna-3.20-py3-none-any.whl (69 kB)
#10 17.78 Downloading justext-3.0.2-py2.py3-none-any.whl (837 kB)
#10 17.89    ━━━━━━━━━━━━━━━━━━━━━━━━━━━━━━━━━━━━━━━━ 837.9/837.9 kB 8.1 MB/s eta 0:00:00
#10 17.91 Downloading lxml-6.1.3-cp312-cp312-manylinux_2_26_aarch64.manylinux_2_28_aarch64.whl (5.0 MB)
#10 18.38    ━━━━━━━━━━━━━━━━━━━━━━━━━━━━━━━━━━━━━━━━ 5.0/5.0 MB 11.1 MB/s eta 0:00:00
#10 18.39 Downloading msgspec-0.22.0-cp312-cp312-manylinux2014_aarch64.manylinux_2_17_aarch64.manylinux_2_28_aarch64.whl (224 kB)
#10 18.45 Downloading opentelemetry_api-1.45.0-py3-none-any.whl (60 kB)
#10 18.47 Downloading orjson-3.12.0-cp312-cp312-manylinux_2_17_aarch64.manylinux2014_aarch64.whl (130 kB)
#10 18.49 Downloading pillow-12.3.0-cp312-cp312-manylinux_2_27_aarch64.manylinux_2_28_aarch64.whl (6.3 MB)
#10 19.06    ━━━━━━━━━━━━━━━━━━━━━━━━━━━━━━━━━━━━━━━━ 6.3/6.3 MB 11.0 MB/s eta 0:00:00
#10 19.07 Downloading protego-0.7.0-py3-none-any.whl (13 kB)
#10 19.08 Downloading pydantic-2.13.5-py3-none-any.whl (472 kB)
#10 19.14 Downloading pydantic_core-2.46.5-cp312-cp312-manylinux_2_17_aarch64.manylinux2014_aarch64.whl (2.0 MB)
#10 19.30    ━━━━━━━━━━━━━━━━━━━━━━━━━━━━━━━━━━━━━━━━ 2.0/2.0 MB 12.4 MB/s eta 0:00:00
#10 19.33 Downloading pyee-13.0.1-py3-none-any.whl (15 kB)
#10 19.34 Downloading python_dotenv-1.2.4-py3-none-any.whl (23 kB)
#10 19.36 Downloading six-1.17.0-py2.py3-none-any.whl (11 kB)
#10 19.38 Downloading soupsieve-2.10-py3-none-any.whl (38 kB)
#10 19.39 Downloading starlette-1.7.0-py3-none-any.whl (78 kB)
#10 19.40 Downloading tld-0.13.2-py2.py3-none-any.whl (296 kB)
#10 19.44 Downloading typing_extensions-4.16.0-py3-none-any.whl (45 kB)
#10 19.46 Downloading typing_inspection-0.4.4-py3-none-any.whl (14 kB)
#10 19.47 Downloading urllib3-2.8.0-py3-none-any.whl (135 kB)
#10 19.49 Downloading uvloop-0.23.0-cp312-cp312-manylinux2014_aarch64.manylinux_2_17_aarch64.manylinux_2_28_aarch64.whl (4.4 MB)
#10 19.90    ━━━━━━━━━━━━━━━━━━━━━━━━━━━━━━━━━━━━━━━━ 4.4/4.4 MB 11.0 MB/s eta 0:00:00
#10 19.91 Downloading w3lib-2.5.0-py3-none-any.whl (37 kB)
#10 19.93 Downloading watchfiles-1.3.0-cp310-abi3-manylinux_2_17_aarch64.manylinux2014_aarch64.whl (454 kB)
#10 19.99 Downloading websockets-17.1-cp312-cp312-manylinux2014_aarch64.manylinux_2_17_aarch64.manylinux_2_28_aarch64.whl (225 kB)
#10 20.02 Downloading xlsxwriter-3.2.9-py3-none-any.whl (175 kB)
#10 20.05 Downloading et_xmlfile-2.0.0-py3-none-any.whl (18 kB)
#10 20.06 Downloading annotated_types-0.8.0-py3-none-any.whl (13 kB)
#10 20.07 Downloading babel-2.18.0-py3-none-any.whl (10.2 MB)
#10 21.01    ━━━━━━━━━━━━━━━━━━━━━━━━━━━━━━━━━━━━━━━━ 10.2/10.2 MB 10.9 MB/s eta 0:00:00
#10 21.02 Downloading cffi-2.1.1-cp312-cp312-manylinux2014_aarch64.manylinux_2_17_aarch64.whl (222 kB)
#10 21.05 Downloading dateparser-1.4.3-py3-none-any.whl (322 kB)
#10 21.10 Downloading python_dateutil-2.9.0.post0-py2.py3-none-any.whl (229 kB)
#10 21.13 Downloading pytz-2026.4-py2.py3-none-any.whl (506 kB)
#10 21.18 Downloading regex-2026.9.29-cp312-cp312-manylinux2014_aarch64.manylinux_2_17_aarch64.manylinux_2_28_aarch64.whl (805 kB)
#10 21.26    ━━━━━━━━━━━━━━━━━━━━━━━━━━━━━━━━━━━━━━━━ 805.9/805.9 kB 12.4 MB/s eta 0:00:00
#10 21.27 Downloading tzlocal-5.4.4-py3-none-any.whl (18 kB)
#10 21.28 Downloading lxml_html_clean-0.4.5-py3-none-any.whl (14 kB)
#10 21.29 Downloading pycparser-3.0-py3-none-any.whl (48 kB)
#10 21.48 Installing collected packages: pytz, XlsxWriter, websockets, w3lib, uvloop, urllib3, tzlocal, typing-extensions, tld, striprtf, soupsieve, six, regex, PyYAML, python-dotenv, pymupdf, pycparser, protego, Pillow, orjson, msgspec, lxml, idna, httptools, h11, greenlet, et-xmlfile, cssselect, click, charset_normalizer, certifi, babel, apify-fingerprint-datapoints, annotated-types, annotated-doc, uvicorn, typing-inspection, scrapling, python-pptx, python-docx, python-dateutil, pyee, pydantic-core, opentelemetry-api, openpyxl, lxml_html_clean, httpcore, courlan, cffi, browserforge, beautifulsoup4, anyio, watchfiles, starlette, pydantic, playwright, patchright, markdownify, httpx, dateparser, curl_cffi, justext, htmldate, fastapi, trafilatura
#10 25.87 Successfully installed Pillow-12.3.0 PyYAML-6.0.3 XlsxWriter-3.2.9 annotated-doc-0.0.5 annotated-types-0.8.0 anyio-4.15.1 apify-fingerprint-datapoints-0.15.0 babel-2.18.0 beautifulsoup4-4.15.0 browserforge-1.2.4 certifi-2026.7.22 cffi-2.1.1 charset_normalizer-3.5.2 click-8.5.0 courlan-1.4.0 cssselect-1.5.0 curl_cffi-0.16.3 dateparser-1.4.3 et-xmlfile-2.0.0 fastapi-0.142.2 greenlet-3.5.6 h11-0.16.0 htmldate-1.10.0 httpcore-1.0.9 httptools-0.8.0 httpx-0.28.1 idna-3.20 justext-3.0.2 lxml-6.1.3 lxml_html_clean-0.4.5 markdownify-1.2.3 msgspec-0.22.0 openpyxl-3.1.5 opentelemetry-api-1.45.0 orjson-3.12.0 patchright-1.63.0 playwright-1.63.0 protego-0.7.0 pycparser-3.0 pydantic-2.13.5 pydantic-core-2.46.5 pyee-13.0.1 pymupdf-1.28.2 python-dateutil-2.9.0.post0 python-docx-1.2.0 python-dotenv-1.2.4 python-pptx-1.0.2 pytz-2026.4 regex-2026.9.29 scrapling-0.4.15 six-1.17.0 soupsieve-2.10 starlette-1.7.0 striprtf-0.0.33 tld-0.13.2 trafilatura-2.2.0 typing-extensions-4.16.0 typing-inspection-0.4.4 tzlocal-5.4.4 urllib3-2.8.0 uvicorn-0.54.0 uvloop-0.23.0 w3lib-2.5.0 watchfiles-1.3.0 websockets-17.1
#10 25.87 WARNING: Running pip as the 'root' user can result in broken permissions and conflicting behaviour with the system package manager, possibly rendering your system unusable. It is recommended to use a virtual environment instead: https://pip.pypa.io/warnings/venv. Use the --root-user-action option if you know what you are doing and want to suppress this warning.
#10 25.97 
#10 25.97 [notice] A new release of pip is available: 25.0.1 -> 26.2.1
#10 25.97 [notice] To update, run: pip install --upgrade pip
#10 26.31 Installing dependencies...
#10 26.40 Hit:1 http://deb.debian.org/debian trixie InRelease
#10 26.41 Get:2 http://deb.debian.org/debian trixie-updates InRelease [47.3 kB]
#10 26.43 Get:3 http://deb.debian.org/debian-security trixie-security InRelease [43.4 kB]
#10 26.45 Get:4 http://deb.debian.org/debian trixie/main arm64 Packages [9614 kB]
#10 27.33 Get:5 http://deb.debian.org/debian trixie-updates/main arm64 Packages [4424 B]
#10 27.34 Get:6 http://deb.debian.org/debian-security trixie-security/main arm64 Packages [264 kB]
#10 27.99 Fetched 9974 kB in 2s (6002 kB/s)
#10 27.99 Reading package lists...
#10 28.30 Reading package lists...
#10 28.62 Building dependency tree...
#10 28.71 Reading state information...
#10 28.83 The following additional packages will be installed:
#10 28.83   at-spi2-common fontconfig fontconfig-config libasound2-data libatomic1
#10 28.83   libavahi-client3 libavahi-common-data libavahi-common3 libbrotli1
#10 28.83   libcom-err2 libdatrie1 libdrm-amdgpu1 libdrm-common libedit2 libelf1t64
#10 28.83   libexpat1 libfontenc1 libfribidi0 libgl1 libgl1-mesa-dri libglvnd0
#10 28.83   libglx-mesa0 libglx0 libgnutls30t64 libgraphite2-3 libgssapi-krb5-2
#10 28.83   libharfbuzz0b libice6 libidn2-0 libk5crypto3 libkeyutils1 libkrb5-3
#10 28.83   libkrb5support0 libllvm19 libp11-kit0 libpixman-1-0 libpng16-16t64
#10 28.83   libsensors-config libsensors5 libsm6 libtasn1-6 libthai-data libthai0
#10 28.83   libunistring5 libunwind8 libvulkan1 libwayland-server0 libx11-data
#10 28.83   libx11-xcb1 libxau6 libxaw7 libxcb-dri3-0 libxcb-glx0 libxcb-present0
#10 28.83   libxcb-randr0 libxcb-render0 libxcb-shm0 libxcb-sync1 libxcb-xfixes0
#10 28.83   libxdmcp6 libxfont2 libxi6 libxkbfile1 libxml2 libxmu6 libxpm4 libxrender1
#10 28.83   libxshmfence1 libxt6t64 libxxf86vm1 libz3-4 mesa-libgallium x11-common
#10 28.83   x11-xkb-utils xfonts-encodings xfonts-utils xkb-data xserver-common
#10 28.83 Suggested packages:
#10 28.83   alsa-utils libasound2-plugins cups-common low-memory-monitor gnutls-bin
#10 28.83   krb5-doc krb5-user lm-sensors
#10 28.83 Recommended packages:
#10 28.83   fonts-ipafont-mincho fonts-liberation-sans-narrow fonts-tlwg-loma
#10 28.83   alsa-ucm-conf alsa-topology-conf at-spi2-core dbus libglib2.0-data
#10 28.83   shared-mime-info xdg-user-dirs krb5-locales mesa-vulkan-drivers | vulkan-icd
#10 28.83   xfonts-base xauth
#10 29.15 The following NEW packages will be installed:
#10 29.15   at-spi2-common fontconfig fontconfig-config fonts-freefont-ttf
#10 29.15   fonts-ipafont-gothic fonts-liberation fonts-noto-color-emoji
#10 29.15   fonts-tlwg-loma-otf fonts-unifont fonts-wqy-zenhei libasound2-data
#10 29.15   libasound2t64 libatk-bridge2.0-0t64 libatk1.0-0t64 libatomic1
#10 29.15   libatspi2.0-0t64 libavahi-client3 libavahi-common-data libavahi-common3
#10 29.15   libbrotli1 libcairo2 libcom-err2 libcups2t64 libdatrie1 libdbus-1-3
#10 29.15   libdrm-amdgpu1 libdrm-common libdrm2 libedit2 libelf1t64 libexpat1
#10 29.15   libfontconfig1 libfontenc1 libfreetype6 libfribidi0 libgbm1 libgl1
#10 29.15   libgl1-mesa-dri libglib2.0-0t64 libglvnd0 libglx-mesa0 libglx0
#10 29.15   libgnutls30t64 libgraphite2-3 libgssapi-krb5-2 libharfbuzz0b libice6
#10 29.15   libidn2-0 libk5crypto3 libkeyutils1 libkrb5-3 libkrb5support0 libllvm19
#10 29.15   libnspr4 libnss3 libp11-kit0 libpango-1.0-0 libpixman-1-0 libpng16-16t64
#10 29.15   libsensors-config libsensors5 libsm6 libtasn1-6 libthai-data libthai0
#10 29.15   libunistring5 libunwind8 libvulkan1 libwayland-server0 libx11-6 libx11-data
#10 29.15   libx11-xcb1 libxau6 libxaw7 libxcb-dri3-0 libxcb-glx0 libxcb-present0
#10 29.15   libxcb-randr0 libxcb-render0 libxcb-shm0 libxcb-sync1 libxcb-xfixes0 libxcb1
#10 29.15   libxcomposite1 libxdamage1 libxdmcp6 libxext6 libxfixes3 libxfont2 libxi6
#10 29.15   libxkbcommon0 libxkbfile1 libxml2 libxmu6 libxpm4 libxrandr2 libxrender1
#10 29.15   libxshmfence1 libxt6t64 libxxf86vm1 libz3-4 mesa-libgallium x11-common
#10 29.15   x11-xkb-utils xfonts-encodings xfonts-scalable xfonts-utils xkb-data
#10 29.15   xserver-common xvfb
#10 30.28 0 upgraded, 110 newly installed, 0 to remove and 4 not upgraded.
#10 30.28 Need to get 93.1 MB of archives.
#10 30.28 After this operation, 352 MB of additional disk space will be used.
#10 30.28 Get:1 http://deb.debian.org/debian trixie/main arm64 fonts-ipafont-gothic all 00303-23 [3515 kB]
#10 30.68 Get:2 http://deb.debian.org/debian trixie/main arm64 libexpat1 arm64 2.8.3-1~deb13u1 [109 kB]
#10 30.70 Get:3 http://deb.debian.org/debian trixie/main arm64 at-spi2-common all 2.56.2-1+deb13u2 [171 kB]
#10 30.74 Get:4 http://deb.debian.org/debian trixie/main arm64 libbrotli1 arm64 1.1.0-2+b7 [308 kB]
#10 30.77 Get:5 http://deb.debian.org/debian trixie/main arm64 libpng16-16t64 arm64 1.6.48-1+deb13u5 [275 kB]
#10 30.81 Get:6 http://deb.debian.org/debian trixie/main arm64 libfreetype6 arm64 2.13.3+dfsg-1+deb13u1 [422 kB]
#10 30.88 Get:7 http://deb.debian.org/debian trixie/main arm64 fonts-liberation all 1:2.1.5-3 [1475 kB]
#10 31.02 Get:8 http://deb.debian.org/debian trixie/main arm64 fonts-freefont-ttf all 20211204+svn4273-2 [5318 kB]
#10 31.54 Get:9 http://deb.debian.org/debian trixie/main arm64 fontconfig-config arm64 2.15.0-2.3 [318 kB]
#10 31.58 Get:10 http://deb.debian.org/debian trixie/main arm64 libfontconfig1 arm64 2.15.0-2.3 [387 kB]
#10 31.63 Get:11 http://deb.debian.org/debian trixie/main arm64 fontconfig arm64 2.15.0-2.3 [463 kB]
#10 31.68 Get:12 http://deb.debian.org/debian trixie/main arm64 fonts-noto-color-emoji all 2.051-0+deb13u1 [10.1 MB]
#10 32.62 Get:13 http://deb.debian.org/debian trixie/main arm64 fonts-tlwg-loma-otf all 1:0.7.3-1 [147 kB]
#10 32.63 Get:14 http://deb.debian.org/debian trixie/main arm64 fonts-unifont all 1:15.1.01-1 [2211 kB]
#10 32.83 Get:15 http://deb.debian.org/debian trixie/main arm64 fonts-wqy-zenhei all 0.9.45-8 [7479 kB]
#10 33.49 Get:16 http://deb.debian.org/debian trixie/main arm64 libasound2-data all 1.2.14-1+deb13u1 [21.2 kB]
#10 33.49 Get:17 http://deb.debian.org/debian trixie/main arm64 libasound2t64 arm64 1.2.14-1+deb13u1 [342 kB]
#10 33.52 Get:18 http://deb.debian.org/debian trixie/main arm64 libatomic1 arm64 14.2.0-19 [10.1 kB]
#10 33.53 Get:19 http://deb.debian.org/debian trixie/main arm64 libglib2.0-0t64 arm64 2.84.4-3~deb13u5 [1429 kB]
#10 33.67 Get:20 http://deb.debian.org/debian trixie/main arm64 libatk1.0-0t64 arm64 2.56.2-1+deb13u2 [50.4 kB]
#10 33.68 Get:21 http://deb.debian.org/debian trixie/main arm64 libdbus-1-3 arm64 1.16.2-2 [169 kB]
#10 33.68 Get:22 http://deb.debian.org/debian trixie/main arm64 libxau6 arm64 1:1.0.11-1 [20.6 kB]
#10 33.68 Get:23 http://deb.debian.org/debian trixie/main arm64 libxdmcp6 arm64 1:1.1.5-1 [27.8 kB]
#10 33.68 Get:24 http://deb.debian.org/debian trixie/main arm64 libxcb1 arm64 1.17.0-2+b1 [143 kB]
#10 33.69 Get:25 http://deb.debian.org/debian trixie/main arm64 libx11-data all 2:1.8.12-1 [343 kB]
#10 33.74 Get:26 http://deb.debian.org/debian trixie/main arm64 libx11-6 arm64 2:1.8.12-1 [795 kB]
#10 33.82 Get:27 http://deb.debian.org/debian trixie/main arm64 libxext6 arm64 2:1.3.4-1+b3 [49.2 kB]
#10 33.82 Get:28 http://deb.debian.org/debian trixie/main arm64 libxi6 arm64 2:1.8.2-1 [77.8 kB]
#10 33.83 Get:29 http://deb.debian.org/debian trixie/main arm64 libatspi2.0-0t64 arm64 2.56.2-1+deb13u2 [76.7 kB]
#10 33.83 Get:30 http://deb.debian.org/debian trixie/main arm64 libatk-bridge2.0-0t64 arm64 2.56.2-1+deb13u2 [65.0 kB]
#10 33.84 Get:31 http://deb.debian.org/debian trixie/main arm64 libavahi-common-data arm64 0.8-16 [112 kB]
#10 33.85 Get:32 http://deb.debian.org/debian trixie/main arm64 libavahi-common3 arm64 0.8-16 [43.3 kB]
#10 33.85 Get:33 http://deb.debian.org/debian trixie/main arm64 libavahi-client3 arm64 0.8-16 [46.7 kB]
#10 33.86 Get:34 http://deb.debian.org/debian trixie/main arm64 libpixman-1-0 arm64 0.44.0-3 [168 kB]
#10 33.88 Get:35 http://deb.debian.org/debian trixie/main arm64 libxcb-render0 arm64 1.17.0-2+b1 [115 kB]
#10 33.89 Get:36 http://deb.debian.org/debian trixie/main arm64 libxcb-shm0 arm64 1.17.0-2+b1 [105 kB]
#10 33.90 Get:37 http://deb.debian.org/debian trixie/main arm64 libxrender1 arm64 1:0.9.12-1 [27.0 kB]
#10 33.91 Get:38 http://deb.debian.org/debian trixie/main arm64 libcairo2 arm64 1.18.4-1+b1 [483 kB]
#10 33.96 Get:39 http://deb.debian.org/debian trixie/main arm64 libcom-err2 arm64 1.47.2-3+b12 [24.9 kB]
#10 33.96 Get:40 http://deb.debian.org/debian trixie/main arm64 libunistring5 arm64 1.3-2 [453 kB]
#10 34.00 Get:41 http://deb.debian.org/debian trixie/main arm64 libidn2-0 arm64 2.3.8-2 [107 kB]
#10 34.02 Get:42 http://deb.debian.org/debian trixie/main arm64 libp11-kit0 arm64 0.25.5-3 [409 kB]
#10 34.06 Get:43 http://deb.debian.org/debian trixie/main arm64 libtasn1-6 arm64 4.20.0-2+deb13u1 [47.3 kB]
#10 34.06 Get:44 http://deb.debian.org/debian trixie/main arm64 libgnutls30t64 arm64 3.8.9-3+deb13u4 [1379 kB]
#10 34.19 Get:45 http://deb.debian.org/debian trixie/main arm64 libkrb5support0 arm64 1.21.3-5+deb13u1 [32.5 kB]
#10 34.20 Get:46 http://deb.debian.org/debian trixie/main arm64 libk5crypto3 arm64 1.21.3-5+deb13u1 [81.4 kB]
#10 34.20 Get:47 http://deb.debian.org/debian trixie/main arm64 libkeyutils1 arm64 1.6.3-6 [9716 B]
#10 34.21 Get:48 http://deb.debian.org/debian trixie/main arm64 libkrb5-3 arm64 1.21.3-5+deb13u1 [308 kB]
#10 34.24 Get:49 http://deb.debian.org/debian trixie/main arm64 libgssapi-krb5-2 arm64 1.21.3-5+deb13u1 [128 kB]
#10 34.25 Get:50 http://deb.debian.org/debian trixie/main arm64 libcups2t64 arm64 2.4.10-3+deb13u2 [236 kB]
#10 34.27 Get:51 http://deb.debian.org/debian trixie/main arm64 libdatrie1 arm64 0.2.13-3+b1 [37.6 kB]
#10 34.27 Get:52 http://deb.debian.org/debian trixie/main arm64 libdrm-common all 2.4.124-2 [8288 B]
#10 34.28 Get:53 http://deb.debian.org/debian trixie/main arm64 libdrm2 arm64 2.4.124-2 [38.3 kB]
#10 34.28 Get:54 http://deb.debian.org/debian trixie/main arm64 libdrm-amdgpu1 arm64 2.4.124-2 [21.8 kB]
#10 34.28 Get:55 http://deb.debian.org/debian trixie/main arm64 libedit2 arm64 3.1-20250104-1 [89.3 kB]
#10 34.30 Get:56 http://deb.debian.org/debian trixie/main arm64 libelf1t64 arm64 0.192-4 [189 kB]
#10 34.32 Get:57 http://deb.debian.org/debian trixie/main arm64 libfontenc1 arm64 1:1.1.8-1+b2 [22.5 kB]
#10 34.32 Get:58 http://deb.debian.org/debian trixie/main arm64 libfribidi0 arm64 1.0.16-1 [26.5 kB]
#10 34.32 Get:59 http://deb.debian.org/debian trixie/main arm64 libwayland-server0 arm64 1.23.1-3 [33.7 kB]
#10 34.33 Get:60 http://deb.debian.org/debian trixie/main arm64 libxml2 arm64 2.12.7+dfsg+really2.9.14-2.1+deb13u3 [631 kB]
#10 34.40 Get:61 http://deb.debian.org/debian trixie/main arm64 libz3-4 arm64 4.13.3-1 [7507 kB]
#10 35.09 Get:62 http://deb.debian.org/debian trixie/main arm64 libllvm19 arm64 1:19.1.7-3+b1 [23.3 MB]
#10 37.27 Get:63 http://deb.debian.org/debian trixie/main arm64 libsensors-config all 1:3.6.2-2 [16.2 kB]
#10 37.28 Get:64 http://deb.debian.org/debian trixie/main arm64 libsensors5 arm64 1:3.6.2-2 [36.4 kB]
#10 37.28 Get:65 http://deb.debian.org/debian trixie/main arm64 libx11-xcb1 arm64 2:1.8.12-1 [247 kB]
#10 37.30 Get:66 http://deb.debian.org/debian trixie/main arm64 libxcb-dri3-0 arm64 1.17.0-2+b1 [107 kB]
#10 37.31 Get:67 http://deb.debian.org/debian trixie/main arm64 libxcb-present0 arm64 1.17.0-2+b1 [106 kB]
#10 37.32 Get:68 http://deb.debian.org/debian trixie/main arm64 libxcb-randr0 arm64 1.17.0-2+b1 [117 kB]
#10 37.33 Get:69 http://deb.debian.org/debian trixie/main arm64 libxcb-sync1 arm64 1.17.0-2+b1 [109 kB]
#10 37.34 Get:70 http://deb.debian.org/debian trixie/main arm64 libxcb-xfixes0 arm64 1.17.0-2+b1 [110 kB]
#10 37.35 Get:71 http://deb.debian.org/debian trixie/main arm64 libxshmfence1 arm64 1.3.3-1 [11.1 kB]
#10 37.36 Get:72 http://deb.debian.org/debian trixie/main arm64 mesa-libgallium arm64 25.0.7-2+deb13u1 [8033 kB]
#10 38.10 Get:73 http://deb.debian.org/debian trixie/main arm64 libgbm1 arm64 25.0.7-2+deb13u1 [44.1 kB]
#10 38.10 Get:74 http://deb.debian.org/debian trixie/main arm64 libglvnd0 arm64 1.7.0-1+b2 [41.6 kB]
#10 38.11 Get:75 http://deb.debian.org/debian trixie/main arm64 libxcb-glx0 arm64 1.17.0-2+b1 [123 kB]
#10 38.12 Get:76 http://deb.debian.org/debian trixie/main arm64 libxxf86vm1 arm64 1:1.1.4-1+b4 [19.2 kB]
#10 38.13 Get:77 http://deb.debian.org/debian trixie/main arm64 libvulkan1 arm64 1.4.309.0-1 [127 kB]
#10 38.14 Get:78 http://deb.debian.org/debian trixie/main arm64 libgl1-mesa-dri arm64 25.0.7-2+deb13u1 [45.9 kB]
#10 38.15 Get:79 http://deb.debian.org/debian trixie/main arm64 libglx-mesa0 arm64 25.0.7-2+deb13u1 [142 kB]
#10 38.16 Get:80 http://deb.debian.org/debian trixie/main arm64 libglx0 arm64 1.7.0-1+b2 [31.1 kB]
#10 38.16 Get:81 http://deb.debian.org/debian trixie/main arm64 libgl1 arm64 1.7.0-1+b2 [90.9 kB]
#10 38.17 Get:82 http://deb.debian.org/debian trixie/main arm64 libgraphite2-3 arm64 1.3.14-2+deb13u1 [70.3 kB]
#10 38.19 Get:83 http://deb.debian.org/debian trixie/main arm64 libharfbuzz0b arm64 10.2.0-1+deb13u1 [442 kB]
#10 38.24 Get:84 http://deb.debian.org/debian trixie/main arm64 x11-common all 1:7.7+24+deb13u1 [217 kB]
#10 38.26 Get:85 http://deb.debian.org/debian trixie/main arm64 libice6 arm64 2:1.1.1-1 [62.1 kB]
#10 38.27 Get:86 http://deb.debian.org/debian trixie/main arm64 libnspr4 arm64 2:4.36-1 [102 kB]
#10 38.29 Get:87 http://deb.debian.org/debian trixie/main arm64 libnss3 arm64 2:3.110-1+deb13u4 [1293 kB]
#10 38.42 Get:88 http://deb.debian.org/debian trixie/main arm64 libthai-data all 0.1.29-2 [168 kB]
#10 38.43 Get:89 http://deb.debian.org/debian trixie/main arm64 libthai0 arm64 0.1.29-2+b1 [48.4 kB]
#10 38.44 Get:90 http://deb.debian.org/debian trixie/main arm64 libpango-1.0-0 arm64 1.56.3-1 [213 kB]
#10 38.46 Get:91 http://deb.debian.org/debian trixie/main arm64 libsm6 arm64 2:1.2.6-1 [36.4 kB]
#10 38.46 Get:92 http://deb.debian.org/debian trixie/main arm64 libunwind8 arm64 1.8.1-0.1 [55.2 kB]
#10 38.47 Get:93 http://deb.debian.org/debian trixie/main arm64 libxt6t64 arm64 1:1.2.1-1.2+b2 [173 kB]
#10 38.49 Get:94 http://deb.debian.org/debian trixie/main arm64 libxmu6 arm64 2:1.1.3-3+b4 [55.7 kB]
#10 38.50 Get:95 http://deb.debian.org/debian trixie/main arm64 libxpm4 arm64 1:3.5.17-1+deb13u1 [52.9 kB]
#10 38.52 Get:96 http://deb.debian.org/debian trixie/main arm64 libxaw7 arm64 2:1.0.16-1 [195 kB]
#10 38.54 Get:97 http://deb.debian.org/debian trixie/main arm64 libxcomposite1 arm64 1:0.4.6-1 [16.4 kB]
#10 38.54 Get:98 http://deb.debian.org/debian trixie/main arm64 libxdamage1 arm64 1:1.1.6-1+b2 [15.6 kB]
#10 38.55 Get:99 http://deb.debian.org/debian trixie/main arm64 libxfixes3 arm64 1:6.0.0-2+b4 [20.5 kB]
#10 38.55 Get:100 http://deb.debian.org/debian trixie/main arm64 libxfont2 arm64 1:2.0.6-1+deb13u1 [125 kB]
#10 38.56 Get:101 http://deb.debian.org/debian trixie/main arm64 xkb-data all 2.42-1 [790 kB]
#10 38.65 Get:102 http://deb.debian.org/debian trixie/main arm64 libxkbcommon0 arm64 1.7.0-2 [106 kB]
#10 38.66 Get:103 http://deb.debian.org/debian trixie/main arm64 libxkbfile1 arm64 1:1.1.0-1+b4 [72.4 kB]
#10 38.67 Get:104 http://deb.debian.org/debian trixie/main arm64 libxrandr2 arm64 2:1.5.4-1+b3 [35.9 kB]
#10 38.67 Get:105 http://deb.debian.org/debian trixie/main arm64 x11-xkb-utils arm64 7.7+9 [149 kB]
#10 38.69 Get:106 http://deb.debian.org/debian trixie/main arm64 xfonts-encodings all 1:1.0.4-2.2 [577 kB]
#10 38.75 Get:107 http://deb.debian.org/debian trixie/main arm64 xfonts-utils arm64 1:7.7+7 [89.3 kB]
#10 38.76 Get:108 http://deb.debian.org/debian trixie/main arm64 xfonts-scalable all 1:1.0.3-1.3 [306 kB]
#10 38.80 Get:109 http://deb.debian.org/debian-security trixie-security/main arm64 xserver-common all 2:21.1.16-1.3+deb13u4 [2410 kB]
#10 39.02 Get:110 http://deb.debian.org/debian-security trixie-security/main arm64 xvfb arm64 2:21.1.16-1.3+deb13u4 [3123 kB]
#10 39.40 debconf: unable to initialize frontend: Dialog
#10 39.40 debconf: (TERM is not set, so the dialog frontend is not usable.)
#10 39.40 debconf: falling back to frontend: Readline
#10 39.40 debconf: unable to initialize frontend: Readline
#10 39.40 debconf: (Can't locate Term/ReadLine.pm in @INC (you may need to install the Term::ReadLine module) (@INC entries checked: /etc/perl /usr/local/lib/aarch64-linux-gnu/perl/5.40.1 /usr/local/share/perl/5.40.1 /usr/lib/aarch64-linux-gnu/perl5/5.40 /usr/share/perl5 /usr/lib/aarch64-linux-gnu/perl-base /usr/lib/aarch64-linux-gnu/perl/5.40 /usr/share/perl/5.40 /usr/local/lib/site_perl) at /usr/share/perl5/Debconf/FrontEnd/Readline.pm line 8, <STDIN> line 110.)
#10 39.40 debconf: falling back to frontend: Teletype
#10 39.40 debconf: unable to initialize frontend: Teletype
#10 39.40 debconf: (This frontend requires a controlling tty.)
#10 39.40 debconf: falling back to frontend: Noninteractive
#10 40.57 Preconfiguring packages ...
#10 40.60 Fetched 93.1 MB in 10s (9165 kB/s)
#10 40.61 Selecting previously unselected package fonts-ipafont-gothic.
#10 40.61 (Reading database ... (Reading database ... 5%(Reading database ... 10%(Reading database ... 15%(Reading database ... 20%(Reading database ... 25%(Reading database ... 30%(Reading database ... 35%(Reading database ... 40%(Reading database ... 45%(Reading database ... 50%(Reading database ... 55%(Reading database ... 60%(Reading database ... 65%(Reading database ... 70%(Reading database ... 75%(Reading database ... 80%(Reading database ... 85%(Reading database ... 90%(Reading database ... 95%(Reading database ... 100%(Reading database ... 5657 files and directories currently installed.)
#10 40.62 Preparing to unpack .../000-fonts-ipafont-gothic_00303-23_all.deb ...
#10 40.62 Unpacking fonts-ipafont-gothic (00303-23) ...
#10 40.78 Selecting previously unselected package libexpat1:arm64.
#10 40.78 Preparing to unpack .../001-libexpat1_2.8.3-1~deb13u1_arm64.deb ...
#10 40.78 Unpacking libexpat1:arm64 (2.8.3-1~deb13u1) ...
#10 40.79 Selecting previously unselected package at-spi2-common.
#10 40.79 Preparing to unpack .../002-at-spi2-common_2.56.2-1+deb13u2_all.deb ...
#10 40.79 Unpacking at-spi2-common (2.56.2-1+deb13u2) ...
#10 40.81 Selecting previously unselected package libbrotli1:arm64.
#10 40.81 Preparing to unpack .../003-libbrotli1_1.1.0-2+b7_arm64.deb ...
#10 40.81 Unpacking libbrotli1:arm64 (1.1.0-2+b7) ...
#10 40.84 Selecting previously unselected package libpng16-16t64:arm64.
#10 40.84 Preparing to unpack .../004-libpng16-16t64_1.6.48-1+deb13u5_arm64.deb ...
#10 40.84 Unpacking libpng16-16t64:arm64 (1.6.48-1+deb13u5) ...
#10 40.86 Selecting previously unselected package libfreetype6:arm64.
#10 40.86 Preparing to unpack .../005-libfreetype6_2.13.3+dfsg-1+deb13u1_arm64.deb ...
#10 40.86 Unpacking libfreetype6:arm64 (2.13.3+dfsg-1+deb13u1) ...
#10 40.88 Selecting previously unselected package fonts-liberation.
#10 40.88 Preparing to unpack .../006-fonts-liberation_1%3a2.1.5-3_all.deb ...
#10 40.88 Unpacking fonts-liberation (1:2.1.5-3) ...
#10 40.96 Selecting previously unselected package fonts-freefont-ttf.
#10 40.96 Preparing to unpack .../007-fonts-freefont-ttf_20211204+svn4273-2_all.deb ...
#10 40.96 Unpacking fonts-freefont-ttf (20211204+svn4273-2) ...
#10 41.19 Selecting previously unselected package fontconfig-config.
#10 41.19 Preparing to unpack .../008-fontconfig-config_2.15.0-2.3_arm64.deb ...
#10 41.19 Unpacking fontconfig-config (2.15.0-2.3) ...
#10 41.21 Selecting previously unselected package libfontconfig1:arm64.
#10 41.21 Preparing to unpack .../009-libfontconfig1_2.15.0-2.3_arm64.deb ...
#10 41.21 Unpacking libfontconfig1:arm64 (2.15.0-2.3) ...
#10 41.23 Selecting previously unselected package fontconfig.
#10 41.23 Preparing to unpack .../010-fontconfig_2.15.0-2.3_arm64.deb ...
#10 41.23 Unpacking fontconfig (2.15.0-2.3) ...
#10 41.25 Selecting previously unselected package fonts-noto-color-emoji.
#10 41.25 Preparing to unpack .../011-fonts-noto-color-emoji_2.051-0+deb13u1_all.deb ...
#10 41.25 Unpacking fonts-noto-color-emoji (2.051-0+deb13u1) ...
#10 41.67 Selecting previously unselected package fonts-tlwg-loma-otf.
#10 41.67 Preparing to unpack .../012-fonts-tlwg-loma-otf_1%3a0.7.3-1_all.deb ...
#10 41.67 Unpacking fonts-tlwg-loma-otf (1:0.7.3-1) ...
#10 41.68 Selecting previously unselected package fonts-unifont.
#10 41.68 Preparing to unpack .../013-fonts-unifont_1%3a15.1.01-1_all.deb ...
#10 41.68 Unpacking fonts-unifont (1:15.1.01-1) ...
#10 42.01 Selecting previously unselected package fonts-wqy-zenhei.
#10 42.01 Preparing to unpack .../014-fonts-wqy-zenhei_0.9.45-8_all.deb ...
#10 42.01 Unpacking fonts-wqy-zenhei (0.9.45-8) ...
#10 42.32 Selecting previously unselected package libasound2-data.
#10 42.32 Preparing to unpack .../015-libasound2-data_1.2.14-1+deb13u1_all.deb ...
#10 42.32 Unpacking libasound2-data (1.2.14-1+deb13u1) ...
#10 42.34 Selecting previously unselected package libasound2t64:arm64.
#10 42.34 Preparing to unpack .../016-libasound2t64_1.2.14-1+deb13u1_arm64.deb ...
#10 42.34 Unpacking libasound2t64:arm64 (1.2.14-1+deb13u1) ...
#10 42.36 Selecting previously unselected package libatomic1:arm64.
#10 42.36 Preparing to unpack .../017-libatomic1_14.2.0-19_arm64.deb ...
#10 42.36 Unpacking libatomic1:arm64 (14.2.0-19) ...
#10 42.37 Selecting previously unselected package libglib2.0-0t64:arm64.
#10 42.38 Preparing to unpack .../018-libglib2.0-0t64_2.84.4-3~deb13u5_arm64.deb ...
#10 42.38 Unpacking libglib2.0-0t64:arm64 (2.84.4-3~deb13u5) ...
#10 42.45 Selecting previously unselected package libatk1.0-0t64:arm64.
#10 42.45 Preparing to unpack .../019-libatk1.0-0t64_2.56.2-1+deb13u2_arm64.deb ...
#10 42.45 Unpacking libatk1.0-0t64:arm64 (2.56.2-1+deb13u2) ...
#10 42.46 Selecting previously unselected package libdbus-1-3:arm64.
#10 42.46 Preparing to unpack .../020-libdbus-1-3_1.16.2-2_arm64.deb ...
#10 42.46 Unpacking libdbus-1-3:arm64 (1.16.2-2) ...
#10 42.48 Selecting previously unselected package libxau6:arm64.
#10 42.48 Preparing to unpack .../021-libxau6_1%3a1.0.11-1_arm64.deb ...
#10 42.48 Unpacking libxau6:arm64 (1:1.0.11-1) ...
#10 42.49 Selecting previously unselected package libxdmcp6:arm64.
#10 42.49 Preparing to unpack .../022-libxdmcp6_1%3a1.1.5-1_arm64.deb ...
#10 42.49 Unpacking libxdmcp6:arm64 (1:1.1.5-1) ...
#10 42.50 Selecting previously unselected package libxcb1:arm64.
#10 42.50 Preparing to unpack .../023-libxcb1_1.17.0-2+b1_arm64.deb ...
#10 42.50 Unpacking libxcb1:arm64 (1.17.0-2+b1) ...
#10 42.51 Selecting previously unselected package libx11-data.
#10 42.51 Preparing to unpack .../024-libx11-data_2%3a1.8.12-1_all.deb ...
#10 42.51 Unpacking libx11-data (2:1.8.12-1) ...
#10 42.54 Selecting previously unselected package libx11-6:arm64.
#10 42.54 Preparing to unpack .../025-libx11-6_2%3a1.8.12-1_arm64.deb ...
#10 42.54 Unpacking libx11-6:arm64 (2:1.8.12-1) ...
#10 42.57 Selecting previously unselected package libxext6:arm64.
#10 42.57 Preparing to unpack .../026-libxext6_2%3a1.3.4-1+b3_arm64.deb ...
#10 42.57 Unpacking libxext6:arm64 (2:1.3.4-1+b3) ...
#10 42.58 Selecting previously unselected package libxi6:arm64.
#10 42.58 Preparing to unpack .../027-libxi6_2%3a1.8.2-1_arm64.deb ...
#10 42.59 Unpacking libxi6:arm64 (2:1.8.2-1) ...
#10 42.60 Selecting previously unselected package libatspi2.0-0t64:arm64.
#10 42.60 Preparing to unpack .../028-libatspi2.0-0t64_2.56.2-1+deb13u2_arm64.deb ...
#10 42.60 Unpacking libatspi2.0-0t64:arm64 (2.56.2-1+deb13u2) ...
#10 42.61 Selecting previously unselected package libatk-bridge2.0-0t64:arm64.
#10 42.61 Preparing to unpack .../029-libatk-bridge2.0-0t64_2.56.2-1+deb13u2_arm64.deb ...
#10 42.61 Unpacking libatk-bridge2.0-0t64:arm64 (2.56.2-1+deb13u2) ...
#10 42.62 Selecting previously unselected package libavahi-common-data:arm64.
#10 42.62 Preparing to unpack .../030-libavahi-common-data_0.8-16_arm64.deb ...
#10 42.63 Unpacking libavahi-common-data:arm64 (0.8-16) ...
#10 42.64 Selecting previously unselected package libavahi-common3:arm64.
#10 42.64 Preparing to unpack .../031-libavahi-common3_0.8-16_arm64.deb ...
#10 42.64 Unpacking libavahi-common3:arm64 (0.8-16) ...
#10 42.65 Selecting previously unselected package libavahi-client3:arm64.
#10 42.65 Preparing to unpack .../032-libavahi-client3_0.8-16_arm64.deb ...
#10 42.65 Unpacking libavahi-client3:arm64 (0.8-16) ...
#10 42.66 Selecting previously unselected package libpixman-1-0:arm64.
#10 42.67 Preparing to unpack .../033-libpixman-1-0_0.44.0-3_arm64.deb ...
#10 42.67 Unpacking libpixman-1-0:arm64 (0.44.0-3) ...
#10 42.68 Selecting previously unselected package libxcb-render0:arm64.
#10 42.68 Preparing to unpack .../034-libxcb-render0_1.17.0-2+b1_arm64.deb ...
#10 42.68 Unpacking libxcb-render0:arm64 (1.17.0-2+b1) ...
#10 42.70 Selecting previously unselected package libxcb-shm0:arm64.
#10 42.70 Preparing to unpack .../035-libxcb-shm0_1.17.0-2+b1_arm64.deb ...
#10 42.70 Unpacking libxcb-shm0:arm64 (1.17.0-2+b1) ...
#10 42.71 Selecting previously unselected package libxrender1:arm64.
#10 42.71 Preparing to unpack .../036-libxrender1_1%3a0.9.12-1_arm64.deb ...
#10 42.71 Unpacking libxrender1:arm64 (1:0.9.12-1) ...
#10 42.72 Selecting previously unselected package libcairo2:arm64.
#10 42.73 Preparing to unpack .../037-libcairo2_1.18.4-1+b1_arm64.deb ...
#10 42.73 Unpacking libcairo2:arm64 (1.18.4-1+b1) ...
#10 42.76 Selecting previously unselected package libcom-err2:arm64.
#10 42.76 Preparing to unpack .../038-libcom-err2_1.47.2-3+b12_arm64.deb ...
#10 42.76 Unpacking libcom-err2:arm64 (1.47.2-3+b12) ...
#10 42.77 Selecting previously unselected package libunistring5:arm64.
#10 42.77 Preparing to unpack .../039-libunistring5_1.3-2_arm64.deb ...
#10 42.77 Unpacking libunistring5:arm64 (1.3-2) ...
#10 42.80 Selecting previously unselected package libidn2-0:arm64.
#10 42.80 Preparing to unpack .../040-libidn2-0_2.3.8-2_arm64.deb ...
#10 42.80 Unpacking libidn2-0:arm64 (2.3.8-2) ...
#10 42.82 Selecting previously unselected package libp11-kit0:arm64.
#10 42.82 Preparing to unpack .../041-libp11-kit0_0.25.5-3_arm64.deb ...
#10 42.82 Unpacking libp11-kit0:arm64 (0.25.5-3) ...
#10 42.85 Selecting previously unselected package libtasn1-6:arm64.
#10 42.85 Preparing to unpack .../042-libtasn1-6_4.20.0-2+deb13u1_arm64.deb ...
#10 42.85 Unpacking libtasn1-6:arm64 (4.20.0-2+deb13u1) ...
#10 42.86 Selecting previously unselected package libgnutls30t64:arm64.
#10 42.86 Preparing to unpack .../043-libgnutls30t64_3.8.9-3+deb13u4_arm64.deb ...
#10 42.86 Unpacking libgnutls30t64:arm64 (3.8.9-3+deb13u4) ...
#10 42.91 Selecting previously unselected package libkrb5support0:arm64.
#10 42.91 Preparing to unpack .../044-libkrb5support0_1.21.3-5+deb13u1_arm64.deb ...
#10 42.91 Unpacking libkrb5support0:arm64 (1.21.3-5+deb13u1) ...
#10 42.92 Selecting previously unselected package libk5crypto3:arm64.
#10 42.92 Preparing to unpack .../045-libk5crypto3_1.21.3-5+deb13u1_arm64.deb ...
#10 42.93 Unpacking libk5crypto3:arm64 (1.21.3-5+deb13u1) ...
#10 42.94 Selecting previously unselected package libkeyutils1:arm64.
#10 42.94 Preparing to unpack .../046-libkeyutils1_1.6.3-6_arm64.deb ...
#10 42.94 Unpacking libkeyutils1:arm64 (1.6.3-6) ...
#10 42.95 Selecting previously unselected package libkrb5-3:arm64.
#10 42.95 Preparing to unpack .../047-libkrb5-3_1.21.3-5+deb13u1_arm64.deb ...
#10 42.95 Unpacking libkrb5-3:arm64 (1.21.3-5+deb13u1) ...
#10 42.98 Selecting previously unselected package libgssapi-krb5-2:arm64.
#10 42.98 Preparing to unpack .../048-libgssapi-krb5-2_1.21.3-5+deb13u1_arm64.deb ...
#10 42.98 Unpacking libgssapi-krb5-2:arm64 (1.21.3-5+deb13u1) ...
#10 42.99 Selecting previously unselected package libcups2t64:arm64.
#10 43.00 Preparing to unpack .../049-libcups2t64_2.4.10-3+deb13u2_arm64.deb ...
#10 43.00 Unpacking libcups2t64:arm64 (2.4.10-3+deb13u2) ...
#10 43.02 Selecting previously unselected package libdatrie1:arm64.
#10 43.02 Preparing to unpack .../050-libdatrie1_0.2.13-3+b1_arm64.deb ...
#10 43.02 Unpacking libdatrie1:arm64 (0.2.13-3+b1) ...
#10 43.03 Selecting previously unselected package libdrm-common.
#10 43.03 Preparing to unpack .../051-libdrm-common_2.4.124-2_all.deb ...
#10 43.03 Unpacking libdrm-common (2.4.124-2) ...
#10 43.04 Selecting previously unselected package libdrm2:arm64.
#10 43.04 Preparing to unpack .../052-libdrm2_2.4.124-2_arm64.deb ...
#10 43.04 Unpacking libdrm2:arm64 (2.4.124-2) ...
#10 43.05 Selecting previously unselected package libdrm-amdgpu1:arm64.
#10 43.05 Preparing to unpack .../053-libdrm-amdgpu1_2.4.124-2_arm64.deb ...
#10 43.05 Unpacking libdrm-amdgpu1:arm64 (2.4.124-2) ...
#10 43.06 Selecting previously unselected package libedit2:arm64.
#10 43.06 Preparing to unpack .../054-libedit2_3.1-20250104-1_arm64.deb ...
#10 43.06 Unpacking libedit2:arm64 (3.1-20250104-1) ...
#10 43.08 Selecting previously unselected package libelf1t64:arm64.
#10 43.08 Preparing to unpack .../055-libelf1t64_0.192-4_arm64.deb ...
#10 43.08 Unpacking libelf1t64:arm64 (0.192-4) ...
#10 43.10 Selecting previously unselected package libfontenc1:arm64.
#10 43.10 Preparing to unpack .../056-libfontenc1_1%3a1.1.8-1+b2_arm64.deb ...
#10 43.10 Unpacking libfontenc1:arm64 (1:1.1.8-1+b2) ...
#10 43.11 Selecting previously unselected package libfribidi0:arm64.
#10 43.11 Preparing to unpack .../057-libfribidi0_1.0.16-1_arm64.deb ...
#10 43.11 Unpacking libfribidi0:arm64 (1.0.16-1) ...
#10 43.12 Selecting previously unselected package libwayland-server0:arm64.
#10 43.12 Preparing to unpack .../058-libwayland-server0_1.23.1-3_arm64.deb ...
#10 43.12 Unpacking libwayland-server0:arm64 (1.23.1-3) ...
#10 43.13 Selecting previously unselected package libxml2:arm64.
#10 43.13 Preparing to unpack .../059-libxml2_2.12.7+dfsg+really2.9.14-2.1+deb13u3_arm64.deb ...
#10 43.13 Unpacking libxml2:arm64 (2.12.7+dfsg+really2.9.14-2.1+deb13u3) ...
#10 43.17 Selecting previously unselected package libz3-4:arm64.
#10 43.17 Preparing to unpack .../060-libz3-4_4.13.3-1_arm64.deb ...
#10 43.17 Unpacking libz3-4:arm64 (4.13.3-1) ...
#10 43.48 Selecting previously unselected package libllvm19:arm64.
#10 43.48 Preparing to unpack .../061-libllvm19_1%3a19.1.7-3+b1_arm64.deb ...
#10 43.48 Unpacking libllvm19:arm64 (1:19.1.7-3+b1) ...
#10 43.98 Selecting previously unselected package libsensors-config.
#10 43.98 Preparing to unpack .../062-libsensors-config_1%3a3.6.2-2_all.deb ...
#10 43.98 Unpacking libsensors-config (1:3.6.2-2) ...
#10 43.99 Selecting previously unselected package libsensors5:arm64.
#10 43.99 Preparing to unpack .../063-libsensors5_1%3a3.6.2-2_arm64.deb ...
#10 44.00 Unpacking libsensors5:arm64 (1:3.6.2-2) ...
#10 44.01 Selecting previously unselected package libx11-xcb1:arm64.
#10 44.01 Preparing to unpack .../064-libx11-xcb1_2%3a1.8.12-1_arm64.deb ...
#10 44.01 Unpacking libx11-xcb1:arm64 (2:1.8.12-1) ...
#10 44.03 Selecting previously unselected package libxcb-dri3-0:arm64.
#10 44.03 Preparing to unpack .../065-libxcb-dri3-0_1.17.0-2+b1_arm64.deb ...
#10 44.03 Unpacking libxcb-dri3-0:arm64 (1.17.0-2+b1) ...
#10 44.05 Selecting previously unselected package libxcb-present0:arm64.
#10 44.05 Preparing to unpack .../066-libxcb-present0_1.17.0-2+b1_arm64.deb ...
#10 44.05 Unpacking libxcb-present0:arm64 (1.17.0-2+b1) ...
#10 44.06 Selecting previously unselected package libxcb-randr0:arm64.
#10 44.06 Preparing to unpack .../067-libxcb-randr0_1.17.0-2+b1_arm64.deb ...
#10 44.07 Unpacking libxcb-randr0:arm64 (1.17.0-2+b1) ...
#10 44.08 Selecting previously unselected package libxcb-sync1:arm64.
#10 44.08 Preparing to unpack .../068-libxcb-sync1_1.17.0-2+b1_arm64.deb ...
#10 44.08 Unpacking libxcb-sync1:arm64 (1.17.0-2+b1) ...
#10 44.09 Selecting previously unselected package libxcb-xfixes0:arm64.
#10 44.09 Preparing to unpack .../069-libxcb-xfixes0_1.17.0-2+b1_arm64.deb ...
#10 44.09 Unpacking libxcb-xfixes0:arm64 (1.17.0-2+b1) ...
#10 44.11 Selecting previously unselected package libxshmfence1:arm64.
#10 44.11 Preparing to unpack .../070-libxshmfence1_1.3.3-1_arm64.deb ...
#10 44.11 Unpacking libxshmfence1:arm64 (1.3.3-1) ...
#10 44.12 Selecting previously unselected package mesa-libgallium:arm64.
#10 44.12 Preparing to unpack .../071-mesa-libgallium_25.0.7-2+deb13u1_arm64.deb ...
#10 44.12 Unpacking mesa-libgallium:arm64 (25.0.7-2+deb13u1) ...
#10 44.46 Selecting previously unselected package libgbm1:arm64.
#10 44.46 Preparing to unpack .../072-libgbm1_25.0.7-2+deb13u1_arm64.deb ...
#10 44.46 Unpacking libgbm1:arm64 (25.0.7-2+deb13u1) ...
#10 44.47 Selecting previously unselected package libglvnd0:arm64.
#10 44.47 Preparing to unpack .../073-libglvnd0_1.7.0-1+b2_arm64.deb ...
#10 44.47 Unpacking libglvnd0:arm64 (1.7.0-1+b2) ...
#10 44.49 Selecting previously unselected package libxcb-glx0:arm64.
#10 44.49 Preparing to unpack .../074-libxcb-glx0_1.17.0-2+b1_arm64.deb ...
#10 44.49 Unpacking libxcb-glx0:arm64 (1.17.0-2+b1) ...
#10 44.50 Selecting previously unselected package libxxf86vm1:arm64.
#10 44.50 Preparing to unpack .../075-libxxf86vm1_1%3a1.1.4-1+b4_arm64.deb ...
#10 44.51 Unpacking libxxf86vm1:arm64 (1:1.1.4-1+b4) ...
#10 44.52 Selecting previously unselected package libvulkan1:arm64.
#10 44.52 Preparing to unpack .../076-libvulkan1_1.4.309.0-1_arm64.deb ...
#10 44.52 Unpacking libvulkan1:arm64 (1.4.309.0-1) ...
#10 44.53 Selecting previously unselected package libgl1-mesa-dri:arm64.
#10 44.53 Preparing to unpack .../077-libgl1-mesa-dri_25.0.7-2+deb13u1_arm64.deb ...
#10 44.54 Unpacking libgl1-mesa-dri:arm64 (25.0.7-2+deb13u1) ...
#10 44.55 Selecting previously unselected package libglx-mesa0:arm64.
#10 44.55 Preparing to unpack .../078-libglx-mesa0_25.0.7-2+deb13u1_arm64.deb ...
#10 44.55 Unpacking libglx-mesa0:arm64 (25.0.7-2+deb13u1) ...
#10 44.57 Selecting previously unselected package libglx0:arm64.
#10 44.57 Preparing to unpack .../079-libglx0_1.7.0-1+b2_arm64.deb ...
#10 44.57 Unpacking libglx0:arm64 (1.7.0-1+b2) ...
#10 44.58 Selecting previously unselected package libgl1:arm64.
#10 44.58 Preparing to unpack .../080-libgl1_1.7.0-1+b2_arm64.deb ...
#10 44.58 Unpacking libgl1:arm64 (1.7.0-1+b2) ...
#10 44.59 Selecting previously unselected package libgraphite2-3:arm64.
#10 44.60 Preparing to unpack .../081-libgraphite2-3_1.3.14-2+deb13u1_arm64.deb ...
#10 44.60 Unpacking libgraphite2-3:arm64 (1.3.14-2+deb13u1) ...
#10 44.61 Selecting previously unselected package libharfbuzz0b:arm64.
#10 44.61 Preparing to unpack .../082-libharfbuzz0b_10.2.0-1+deb13u1_arm64.deb ...
#10 44.61 Unpacking libharfbuzz0b:arm64 (10.2.0-1+deb13u1) ...
#10 44.64 Selecting previously unselected package x11-common.
#10 44.64 Preparing to unpack .../083-x11-common_1%3a7.7+24+deb13u1_all.deb ...
#10 44.65 Unpacking x11-common (1:7.7+24+deb13u1) ...
#10 44.66 Selecting previously unselected package libice6:arm64.
#10 44.66 Preparing to unpack .../084-libice6_2%3a1.1.1-1_arm64.deb ...
#10 44.66 Unpacking libice6:arm64 (2:1.1.1-1) ...
#10 44.67 Selecting previously unselected package libnspr4:arm64.
#10 44.67 Preparing to unpack .../085-libnspr4_2%3a4.36-1_arm64.deb ...
#10 44.67 Unpacking libnspr4:arm64 (2:4.36-1) ...
#10 44.69 Selecting previously unselected package libnss3:arm64.
#10 44.69 Preparing to unpack .../086-libnss3_2%3a3.110-1+deb13u4_arm64.deb ...
#10 44.69 Unpacking libnss3:arm64 (2:3.110-1+deb13u4) ...
#10 44.75 Selecting previously unselected package libthai-data.
#10 44.75 Preparing to unpack .../087-libthai-data_0.1.29-2_all.deb ...
#10 44.76 Unpacking libthai-data (0.1.29-2) ...
#10 44.77 Selecting previously unselected package libthai0:arm64.
#10 44.77 Preparing to unpack .../088-libthai0_0.1.29-2+b1_arm64.deb ...
#10 44.77 Unpacking libthai0:arm64 (0.1.29-2+b1) ...
#10 44.78 Selecting previously unselected package libpango-1.0-0:arm64.
#10 44.78 Preparing to unpack .../089-libpango-1.0-0_1.56.3-1_arm64.deb ...
#10 44.78 Unpacking libpango-1.0-0:arm64 (1.56.3-1) ...
#10 44.80 Selecting previously unselected package libsm6:arm64.
#10 44.80 Preparing to unpack .../090-libsm6_2%3a1.2.6-1_arm64.deb ...
#10 44.80 Unpacking libsm6:arm64 (2:1.2.6-1) ...
#10 44.81 Selecting previously unselected package libunwind8:arm64.
#10 44.82 Preparing to unpack .../091-libunwind8_1.8.1-0.1_arm64.deb ...
#10 44.82 Unpacking libunwind8:arm64 (1.8.1-0.1) ...
#10 44.83 Selecting previously unselected package libxt6t64:arm64.
#10 44.83 Preparing to unpack .../092-libxt6t64_1%3a1.2.1-1.2+b2_arm64.deb ...
#10 44.83 Unpacking libxt6t64:arm64 (1:1.2.1-1.2+b2) ...
#10 44.85 Selecting previously unselected package libxmu6:arm64.
#10 44.85 Preparing to unpack .../093-libxmu6_2%3a1.1.3-3+b4_arm64.deb ...
#10 44.85 Unpacking libxmu6:arm64 (2:1.1.3-3+b4) ...
#10 44.86 Selecting previously unselected package libxpm4:arm64.
#10 44.86 Preparing to unpack .../094-libxpm4_1%3a3.5.17-1+deb13u1_arm64.deb ...
#10 44.86 Unpacking libxpm4:arm64 (1:3.5.17-1+deb13u1) ...
#10 44.87 Selecting previously unselected package libxaw7:arm64.
#10 44.87 Preparing to unpack .../095-libxaw7_2%3a1.0.16-1_arm64.deb ...
#10 44.87 Unpacking libxaw7:arm64 (2:1.0.16-1) ...
#10 44.89 Selecting previously unselected package libxcomposite1:arm64.
#10 44.89 Preparing to unpack .../096-libxcomposite1_1%3a0.4.6-1_arm64.deb ...
#10 44.89 Unpacking libxcomposite1:arm64 (1:0.4.6-1) ...
#10 44.90 Selecting previously unselected package libxdamage1:arm64.
#10 44.90 Preparing to unpack .../097-libxdamage1_1%3a1.1.6-1+b2_arm64.deb ...
#10 44.90 Unpacking libxdamage1:arm64 (1:1.1.6-1+b2) ...
#10 44.91 Selecting previously unselected package libxfixes3:arm64.
#10 44.91 Preparing to unpack .../098-libxfixes3_1%3a6.0.0-2+b4_arm64.deb ...
#10 44.91 Unpacking libxfixes3:arm64 (1:6.0.0-2+b4) ...
#10 44.92 Selecting previously unselected package libxfont2:arm64.
#10 44.92 Preparing to unpack .../099-libxfont2_1%3a2.0.6-1+deb13u1_arm64.deb ...
#10 44.92 Unpacking libxfont2:arm64 (1:2.0.6-1+deb13u1) ...
#10 44.93 Selecting previously unselected package xkb-data.
#10 44.93 Preparing to unpack .../100-xkb-data_2.42-1_all.deb ...
#10 44.94 Unpacking xkb-data (2.42-1) ...
#10 44.99 Selecting previously unselected package libxkbcommon0:arm64.
#10 44.99 Preparing to unpack .../101-libxkbcommon0_1.7.0-2_arm64.deb ...
#10 44.99 Unpacking libxkbcommon0:arm64 (1.7.0-2) ...
#10 45.00 Selecting previously unselected package libxkbfile1:arm64.
#10 45.00 Preparing to unpack .../102-libxkbfile1_1%3a1.1.0-1+b4_arm64.deb ...
#10 45.00 Unpacking libxkbfile1:arm64 (1:1.1.0-1+b4) ...
#10 45.02 Selecting previously unselected package libxrandr2:arm64.
#10 45.02 Preparing to unpack .../103-libxrandr2_2%3a1.5.4-1+b3_arm64.deb ...
#10 45.02 Unpacking libxrandr2:arm64 (2:1.5.4-1+b3) ...
#10 45.03 Selecting previously unselected package x11-xkb-utils.
#10 45.03 Preparing to unpack .../104-x11-xkb-utils_7.7+9_arm64.deb ...
#10 45.03 Unpacking x11-xkb-utils (7.7+9) ...
#10 45.05 Selecting previously unselected package xfonts-encodings.
#10 45.05 Preparing to unpack .../105-xfonts-encodings_1%3a1.0.4-2.2_all.deb ...
#10 45.05 Unpacking xfonts-encodings (1:1.0.4-2.2) ...
#10 45.08 Selecting previously unselected package xfonts-utils.
#10 45.08 Preparing to unpack .../106-xfonts-utils_1%3a7.7+7_arm64.deb ...
#10 45.08 Unpacking xfonts-utils (1:7.7+7) ...
#10 45.10 Selecting previously unselected package xfonts-scalable.
#10 45.10 Preparing to unpack .../107-xfonts-scalable_1%3a1.0.3-1.3_all.deb ...
#10 45.10 Unpacking xfonts-scalable (1:1.0.3-1.3) ...
#10 45.12 Selecting previously unselected package xserver-common.
#10 45.12 Preparing to unpack .../108-xserver-common_2%3a21.1.16-1.3+deb13u4_all.deb ...
#10 45.12 Unpacking xserver-common (2:21.1.16-1.3+deb13u4) ...
#10 45.13 Selecting previously unselected package xvfb.
#10 45.14 Preparing to unpack .../109-xvfb_2%3a21.1.16-1.3+deb13u4_arm64.deb ...
#10 45.14 Unpacking xvfb (2:21.1.16-1.3+deb13u4) ...
#10 45.19 Setting up libexpat1:arm64 (2.8.3-1~deb13u1) ...
#10 45.19 Setting up libgraphite2-3:arm64 (1.3.14-2+deb13u1) ...
#10 45.19 Setting up libpixman-1-0:arm64 (0.44.0-3) ...
#10 45.19 Setting up libwayland-server0:arm64 (1.23.1-3) ...
#10 45.20 Setting up libxau6:arm64 (1:1.0.11-1) ...
#10 45.20 Setting up libxdmcp6:arm64 (1:1.1.5-1) ...
#10 45.20 Setting up libkeyutils1:arm64 (1.6.3-6) ...
#10 45.20 Setting up libxcb1:arm64 (1.17.0-2+b1) ...
#10 45.21 Setting up libxcb-xfixes0:arm64 (1.17.0-2+b1) ...
#10 45.21 Setting up libdatrie1:arm64 (0.2.13-3+b1) ...
#10 45.21 Setting up fonts-noto-color-emoji (2.051-0+deb13u1) ...
#10 45.21 Setting up libxcb-render0:arm64 (1.17.0-2+b1) ...
#10 45.22 Setting up libglvnd0:arm64 (1.7.0-1+b2) ...
#10 45.22 Setting up libxcb-glx0:arm64 (1.17.0-2+b1) ...
#10 45.22 Setting up libbrotli1:arm64 (1.1.0-2+b7) ...
#10 45.23 Setting up libedit2:arm64 (3.1-20250104-1) ...
#10 45.23 Setting up x11-common (1:7.7+24+deb13u1) ...
#10 45.27 debconf: unable to initialize frontend: Dialog
#10 45.27 debconf: (TERM is not set, so the dialog frontend is not usable.)
#10 45.27 debconf: falling back to frontend: Readline
#10 45.27 debconf: unable to initialize frontend: Readline
#10 45.27 debconf: (Can't locate Term/ReadLine.pm in @INC (you may need to install the Term::ReadLine module) (@INC entries checked: /etc/perl /usr/local/lib/aarch64-linux-gnu/perl/5.40.1 /usr/local/share/perl/5.40.1 /usr/lib/aarch64-linux-gnu/perl5/5.40 /usr/share/perl5 /usr/lib/aarch64-linux-gnu/perl-base /usr/lib/aarch64-linux-gnu/perl/5.40 /usr/share/perl/5.40 /usr/local/lib/site_perl) at /usr/share/perl5/Debconf/FrontEnd/Readline.pm line 8.)
#10 45.27 debconf: falling back to frontend: Teletype
#10 45.27 debconf: unable to initialize frontend: Teletype
#10 45.27 debconf: (This frontend requires a controlling tty.)
#10 45.27 debconf: falling back to frontend: Noninteractive
#10 45.28 invoke-rc.d: could not determine current runlevel
#10 45.28 invoke-rc.d: policy-rc.d denied execution of start.
#10 45.29 Setting up libsensors-config (1:3.6.2-2) ...
#10 45.29 Setting up fonts-freefont-ttf (20211204+svn4273-2) ...
#10 45.29 Setting up xkb-data (2.42-1) ...
#10 45.29 Setting up libxcb-shm0:arm64 (1.17.0-2+b1) ...
#10 45.30 Setting up libcom-err2:arm64 (1.47.2-3+b12) ...
#10 45.30 Setting up libunwind8:arm64 (1.8.1-0.1) ...
#10 45.30 Setting up libelf1t64:arm64 (0.192-4) ...
#10 45.30 Setting up libkrb5support0:arm64 (1.21.3-5+deb13u1) ...
#10 45.31 Setting up libxcb-present0:arm64 (1.17.0-2+b1) ...
#10 45.31 Setting up libasound2-data (1.2.14-1+deb13u1) ...
#10 45.31 Setting up libfontenc1:arm64 (1:1.1.8-1+b2) ...
#10 45.31 Setting up libz3-4:arm64 (4.13.3-1) ...
#10 45.31 Setting up libasound2t64:arm64 (1.2.14-1+deb13u1) ...
#10 45.32 Setting up fonts-tlwg-loma-otf (1:0.7.3-1) ...
#10 45.32 Setting up libx11-data (2:1.8.12-1) ...
#10 45.32 Setting up libnspr4:arm64 (2:4.36-1) ...
#10 45.32 Setting up libxcb-sync1:arm64 (1.17.0-2+b1) ...
#10 45.33 Setting up libavahi-common-data:arm64 (0.8-16) ...
#10 45.33 Setting up libdbus-1-3:arm64 (1.16.2-2) ...
#10 45.33 Setting up xfonts-encodings (1:1.0.4-2.2) ...
#10 45.34 Setting up libfribidi0:arm64 (1.0.16-1) ...
#10 45.34 Setting up libp11-kit0:arm64 (0.25.5-3) ...
#10 45.34 Setting up libunistring5:arm64 (1.3-2) ...
#10 45.35 Setting up libpng16-16t64:arm64 (1.6.48-1+deb13u5) ...
#10 45.35 Setting up libatomic1:arm64 (14.2.0-19) ...
#10 45.35 Setting up libsensors5:arm64 (1:3.6.2-2) ...
#10 45.35 Setting up libk5crypto3:arm64 (1.21.3-5+deb13u1) ...
#10 45.36 Setting up libvulkan1:arm64 (1.4.309.0-1) ...
#10 45.36 Setting up fonts-ipafont-gothic (00303-23) ...
#10 45.36 update-alternatives: using /usr/share/fonts/opentype/ipafont-gothic/ipag.ttf to provide /usr/share/fonts/truetype/fonts-japanese-gothic.ttf (fonts-japanese-gothic.ttf) in auto mode
#10 45.36 Setting up libxshmfence1:arm64 (1.3.3-1) ...
#10 45.37 Setting up at-spi2-common (2.56.2-1+deb13u2) ...
#10 45.37 Setting up libxcb-randr0:arm64 (1.17.0-2+b1) ...
#10 45.37 Setting up fonts-liberation (1:2.1.5-3) ...
#10 45.37 Setting up libtasn1-6:arm64 (4.20.0-2+deb13u1) ...
#10 45.38 Setting up libx11-6:arm64 (2:1.8.12-1) ...
#10 45.38 Setting up libthai-data (0.1.29-2) ...
#10 45.38 Setting up libkrb5-3:arm64 (1.21.3-5+deb13u1) ...
#10 45.38 Setting up libxkbfile1:arm64 (1:1.1.0-1+b4) ...
#10 45.39 Setting up libdrm-common (2.4.124-2) ...
#10 45.39 Setting up libxcomposite1:arm64 (1:0.4.6-1) ...
#10 45.39 Setting up libxml2:arm64 (2.12.7+dfsg+really2.9.14-2.1+deb13u3) ...
#10 45.39 Setting up fonts-unifont (1:15.1.01-1) ...
#10 45.39 Setting up libxkbcommon0:arm64 (1.7.0-2) ...
#10 45.40 Setting up libxcb-dri3-0:arm64 (1.17.0-2+b1) ...
#10 45.40 Setting up libllvm19:arm64 (1:19.1.7-3+b1) ...
#10 45.40 Setting up libx11-xcb1:arm64 (2:1.8.12-1) ...
#10 45.40 Setting up libice6:arm64 (2:1.1.1-1) ...
#10 45.41 Setting up libxdamage1:arm64 (1:1.1.6-1+b2) ...
#10 45.41 Setting up libxpm4:arm64 (1:3.5.17-1+deb13u1) ...
#10 45.41 Setting up libxrender1:arm64 (1:0.9.12-1) ...
#10 45.41 Setting up fontconfig-config (2.15.0-2.3) ...
#10 45.45 debconf: unable to initialize frontend: Dialog
#10 45.45 debconf: (TERM is not set, so the dialog frontend is not usable.)
#10 45.45 debconf: falling back to frontend: Readline
#10 45.45 debconf: unable to initialize frontend: Readline
#10 45.45 debconf: (Can't locate Term/ReadLine.pm in @INC (you may need to install the Term::ReadLine module) (@INC entries checked: /etc/perl /usr/local/lib/aarch64-linux-gnu/perl/5.40.1 /usr/local/share/perl/5.40.1 /usr/lib/aarch64-linux-gnu/perl5/5.40 /usr/share/perl5 /usr/lib/aarch64-linux-gnu/perl-base /usr/lib/aarch64-linux-gnu/perl/5.40 /usr/share/perl/5.40 /usr/local/lib/site_perl) at /usr/share/perl5/Debconf/FrontEnd/Readline.pm line 8.)
#10 45.45 debconf: falling back to frontend: Teletype
#10 45.45 debconf: unable to initialize frontend: Teletype
#10 45.45 debconf: (This frontend requires a controlling tty.)
#10 45.45 debconf: falling back to frontend: Noninteractive
#10 45.46 Setting up libavahi-common3:arm64 (0.8-16) ...
#10 45.47 Setting up libxext6:arm64 (2:1.3.4-1+b3) ...
#10 45.47 Setting up libidn2-0:arm64 (2.3.8-2) ...
#10 45.47 Setting up libnss3:arm64 (2:3.110-1+deb13u4) ...
#10 45.48 Setting up libxxf86vm1:arm64 (1:1.1.4-1+b4) ...
#10 45.48 Setting up libthai0:arm64 (0.1.29-2+b1) ...
#10 45.48 Setting up libglib2.0-0t64:arm64 (2.84.4-3~deb13u5) ...
#10 45.48 No schema files found: doing nothing.
#10 45.49 Setting up libfreetype6:arm64 (2.13.3+dfsg-1+deb13u1) ...
#10 45.49 Setting up libxfixes3:arm64 (1:6.0.0-2+b4) ...
#10 45.49 Setting up libgssapi-krb5-2:arm64 (1.21.3-5+deb13u1) ...
#10 45.51 Setting up libxrandr2:arm64 (2:1.5.4-1+b3) ...
#10 45.51 Setting up libdrm2:arm64 (2.4.124-2) ...
#10 45.51 Setting up libharfbuzz0b:arm64 (10.2.0-1+deb13u1) ...
#10 45.51 Setting up libfontconfig1:arm64 (2.15.0-2.3) ...
#10 45.52 Setting up libsm6:arm64 (2:1.2.6-1) ...
#10 45.52 Setting up libxfont2:arm64 (1:2.0.6-1+deb13u1) ...
#10 45.52 Setting up libavahi-client3:arm64 (0.8-16) ...
#10 45.53 Setting up libdrm-amdgpu1:arm64 (2.4.124-2) ...
#10 45.53 Setting up libgnutls30t64:arm64 (3.8.9-3+deb13u4) ...
#10 45.53 Setting up mesa-libgallium:arm64 (25.0.7-2+deb13u1) ...
#10 45.53 Setting up fontconfig (2.15.0-2.3) ...
#10 45.54 Regenerating fonts cache... done.
#10 47.60 Setting up libatk1.0-0t64:arm64 (2.56.2-1+deb13u2) ...
#10 47.61 Setting up libxi6:arm64 (2:1.8.2-1) ...
#10 47.61 Setting up libgbm1:arm64 (25.0.7-2+deb13u1) ...
#10 47.61 Setting up libpango-1.0-0:arm64 (1.56.3-1) ...
#10 47.62 Setting up libgl1-mesa-dri:arm64 (25.0.7-2+deb13u1) ...
#10 47.62 Setting up fonts-wqy-zenhei (0.9.45-8) ...
#10 47.63 Setting up xfonts-utils (1:7.7+7) ...
#10 47.64 Setting up libcairo2:arm64 (1.18.4-1+b1) ...
#10 47.64 Setting up libatspi2.0-0t64:arm64 (2.56.2-1+deb13u2) ...
#10 47.64 Setting up libxt6t64:arm64 (1:1.2.1-1.2+b2) ...
#10 47.65 Setting up libcups2t64:arm64 (2.4.10-3+deb13u2) ...
#10 47.65 Setting up xfonts-scalable (1:1.0.3-1.3) ...
#10 47.66 Setting up libatk-bridge2.0-0t64:arm64 (2.56.2-1+deb13u2) ...
#10 47.66 Setting up libxmu6:arm64 (2:1.1.3-3+b4) ...
#10 47.67 Setting up libglx-mesa0:arm64 (25.0.7-2+deb13u1) ...
#10 47.67 Setting up libglx0:arm64 (1.7.0-1+b2) ...
#10 47.67 Setting up libxaw7:arm64 (2:1.0.16-1) ...
#10 47.67 Setting up libgl1:arm64 (1.7.0-1+b2) ...
#10 47.68 Setting up x11-xkb-utils (7.7+9) ...
#10 47.68 Setting up xserver-common (2:21.1.16-1.3+deb13u4) ...
#10 47.68 Setting up xvfb (2:21.1.16-1.3+deb13u4) ...
#10 47.68 Processing triggers for libc-bin (2.41-12+deb13u4) ...
#10 47.72 Downloading Chrome for Testing 153.0.8010.12 (playwright chromium v1243) from https://cdn.playwright.dev/builds/cft/153.0.8010.12/linux-arm64/chrome-linux-arm64.zip
#10 48.34 |                                                                                |   0% of 186.8 MiB
#10 50.44 |■■■■■■■■                                                                        |  10% of 186.8 MiB
#10 52.11 |■■■■■■■■■■■■■■■■                                                                |  20% of 186.8 MiB
#10 54.02 |■■■■■■■■■■■■■■■■■■■■■■■■                                                        |  30% of 186.8 MiB
#10 55.73 |■■■■■■■■■■■■■■■■■■■■■■■■■■■■■■■■                                                |  40% of 186.8 MiB
#10 57.43 |■■■■■■■■■■■■■■■■■■■■■■■■■■■■■■■■■■■■■■■■                                        |  50% of 186.8 MiB
#10 59.43 |■■■■■■■■■■■■■■■■■■■■■■■■■■■■■■■■■■■■■■■■■■■■■■■■                                |  60% of 186.8 MiB
#10 61.16 |■■■■■■■■■■■■■■■■■■■■■■■■■■■■■■■■■■■■■■■■■■■■■■■■■■■■■■■■                        |  70% of 186.8 MiB
#10 63.00 |■■■■■■■■■■■■■■■■■■■■■■■■■■■■■■■■■■■■■■■■■■■■■■■■■■■■■■■■■■■■■■■■                |  80% of 186.8 MiB
#10 64.98 |■■■■■■■■■■■■■■■■■■■■■■■■■■■■■■■■■■■■■■■■■■■■■■■■■■■■■■■■■■■■■■■■■■■■■■■■        |  90% of 186.8 MiB
#10 66.99 |■■■■■■■■■■■■■■■■■■■■■■■■■■■■■■■■■■■■■■■■■■■■■■■■■■■■■■■■■■■■■■■■■■■■■■■■■■■■■■■■| 100% of 186.8 MiB
#10 69.05 Chrome for Testing 153.0.8010.12 (playwright chromium v1243) downloaded to /root/.cache/ms-playwright/chromium-1243
#10 69.05 Downloading FFmpeg (playwright ffmpeg v1011) from https://cdn.playwright.dev/dbazure/download/playwright/builds/ffmpeg/1011/ffmpeg-linux-arm64.zip
#10 69.55 |                                                                                |   0% of 1.6 MiB
#10 69.57 |■■■■■■■■                                                                        |  10% of 1.6 MiB
#10 69.58 |■■■■■■■■■■■■■■■■                                                                |  20% of 1.6 MiB
#10 69.60 |■■■■■■■■■■■■■■■■■■■■■■■■                                                        |  30% of 1.6 MiB
#10 69.63 |■■■■■■■■■■■■■■■■■■■■■■■■■■■■■■■■                                                |  40% of 1.6 MiB
#10 69.65 |■■■■■■■■■■■■■■■■■■■■■■■■■■■■■■■■■■■■■■■■                                        |  50% of 1.6 MiB
#10 69.68 |■■■■■■■■■■■■■■■■■■■■■■■■■■■■■■■■■■■■■■■■■■■■■■■■                                |  60% of 1.6 MiB
#10 69.69 |■■■■■■■■■■■■■■■■■■■■■■■■■■■■■■■■■■■■■■■■■■■■■■■■■■■■■■■■                        |  70% of 1.6 MiB
#10 69.71 |■■■■■■■■■■■■■■■■■■■■■■■■■■■■■■■■■■■■■■■■■■■■■■■■■■■■■■■■■■■■■■■■                |  80% of 1.6 MiB
#10 69.73 |■■■■■■■■■■■■■■■■■■■■■■■■■■■■■■■■■■■■■■■■■■■■■■■■■■■■■■■■■■■■■■■■■■■■■■■■        |  90% of 1.6 MiB
#10 69.75 |■■■■■■■■■■■■■■■■■■■■■■■■■■■■■■■■■■■■■■■■■■■■■■■■■■■■■■■■■■■■■■■■■■■■■■■■■■■■■■■■| 100% of 1.6 MiB
#10 69.78 FFmpeg (playwright ffmpeg v1011) downloaded to /root/.cache/ms-playwright/ffmpeg-1011
#10 69.78 Downloading Chrome Headless Shell 153.0.8010.12 (playwright chromium-headless-shell v1243) from https://cdn.playwright.dev/builds/cft/153.0.8010.12/linux-arm64/chrome-headless-shell-linux-arm64.zip
#10 70.40 |                                                                                |   0% of 114.7 MiB
#10 71.86 |■■■■■■■■                                                                        |  10% of 114.7 MiB
#10 72.88 |■■■■■■■■■■■■■■■■                                                                |  20% of 114.7 MiB
#10 73.96 |■■■■■■■■■■■■■■■■■■■■■■■■                                                        |  30% of 114.7 MiB
#10 76.01 |■■■■■■■■■■■■■■■■■■■■■■■■■■■■■■■■                                                |  40% of 114.7 MiB
#10 77.56 |■■■■■■■■■■■■■■■■■■■■■■■■■■■■■■■■■■■■■■■■                                        |  50% of 114.7 MiB
#10 79.21 |■■■■■■■■■■■■■■■■■■■■■■■■■■■■■■■■■■■■■■■■■■■■■■■■                                |  60% of 114.7 MiB
#10 80.74 |■■■■■■■■■■■■■■■■■■■■■■■■■■■■■■■■■■■■■■■■■■■■■■■■■■■■■■■■                        |  70% of 114.7 MiB
#10 81.93 |■■■■■■■■■■■■■■■■■■■■■■■■■■■■■■■■■■■■■■■■■■■■■■■■■■■■■■■■■■■■■■■■                |  80% of 114.7 MiB
#10 82.99 |■■■■■■■■■■■■■■■■■■■■■■■■■■■■■■■■■■■■■■■■■■■■■■■■■■■■■■■■■■■■■■■■■■■■■■■■        |  90% of 114.7 MiB
#10 84.13 |■■■■■■■■■■■■■■■■■■■■■■■■■■■■■■■■■■■■■■■■■■■■■■■■■■■■■■■■■■■■■■■■■■■■■■■■■■■■■■■■| 100% of 114.7 MiB
#10 85.55 Chrome Headless Shell 153.0.8010.12 (playwright chromium-headless-shell v1243) downloaded to /root/.cache/ms-playwright/chromium_headless_shell-1243
#10 88.60 Installing Playwright browsers...
#10 88.60 Installing Playwright dependencies...
#10 DONE 89.0s

#11 [5/6] COPY app/ app/
#11 DONE 0.1s

#12 [6/6] COPY config.example.yaml /etc/forage/config.yaml
#12 DONE 0.0s

#13 exporting to image
#13 exporting layers
#13 exporting layers 31.7s done
#13 exporting manifest sha256:bf13c2dec6a12460160a316a0159abacdbb1453e6a62bd5545df33484fd32801 done
#13 exporting config sha256:2f3a7bfc294661b0ad90f958d942e4fee4efc83f8ecb42b2be28ee8c98824dbb done
#13 exporting attestation manifest sha256:12efa26a8875a7569673ac186169a46b7a7e4e61426f51ca33fa2a48b555a352 done
#13 exporting manifest list sha256:909816cf6c0aa64d11018e1854014417adb24a9523ef734c21fa897d37a8cac8 done
#13 naming to ghcr.io/aldemaroc/forage:1.0.0 done
#13 unpacking to ghcr.io/aldemaroc/forage:1.0.0
#13 unpacking to ghcr.io/aldemaroc/forage:1.0.0 5.3s done
#13 DONE 37.1s

#14 resolving provenance for metadata file
#14 DONE 0.1s
 Image ghcr.io/aldemaroc/forage:1.0.0 Built 
